{"op_code":0,"worker_id":"396ad16b-abeb-4a80-b720-dea770474dce-22925033772864","study_name":"transformer_optimization","directions":[1]}
{"op_code":4,"worker_id":"396ad16b-abeb-4a80-b720-dea770474dce-22925033772864","study_id":0,"datetime_start":"2025-12-22T15:24:38.744621"}
{"op_code":5,"worker_id":"396ad16b-abeb-4a80-b720-dea770474dce-22925033772864","trial_id":0,"param_name":"n_layers","param_value_internal":25.0,"distribution":"{\"name\": \"IntDistribution\", \"attributes\": {\"log\": false, \"step\": 1, \"low\": 2, \"high\": 64}}"}
{"op_code":5,"worker_id":"396ad16b-abeb-4a80-b720-dea770474dce-22925033772864","trial_id":0,"param_name":"n_heads","param_value_internal":0,"distribution":"{\"name\": \"CategoricalDistribution\", \"attributes\": {\"choices\": [2, 4, 8, 16, 32]}}"}
{"op_code":5,"worker_id":"396ad16b-abeb-4a80-b720-dea770474dce-22925033772864","trial_id":0,"param_name":"head_dim","param_value_internal":1,"distribution":"{\"name\": \"CategoricalDistribution\", \"attributes\": {\"choices\": [4, 8, 16, 32, 64]}}"}
{"op_code":8,"worker_id":"396ad16b-abeb-4a80-b720-dea770474dce-22925033772864","trial_id":0,"user_attr":{"d_model":16}}
{"op_code":5,"worker_id":"396ad16b-abeb-4a80-b720-dea770474dce-22925033772864","trial_id":0,"param_name":"lr","param_value_internal":0.00757947995334801,"distribution":"{\"name\": \"FloatDistribution\", \"attributes\": {\"step\": null, \"low\": 1e-06, \"high\": 0.01, \"log\": true}}"}
{"op_code":5,"worker_id":"396ad16b-abeb-4a80-b720-dea770474dce-22925033772864","trial_id":0,"param_name":"min_lr_ratio","param_value_internal":0.03142880890840111,"distribution":"{\"name\": \"FloatDistribution\", \"attributes\": {\"step\": null, \"low\": 0.0001, \"high\": 0.1, \"log\": true}}"}
{"op_code":5,"worker_id":"396ad16b-abeb-4a80-b720-dea770474dce-22925033772864","trial_id":0,"param_name":"batch_size","param_value_internal":4,"distribution":"{\"name\": \"CategoricalDistribution\", \"attributes\": {\"choices\": [64, 128, 256, 512, 1024]}}"}
{"op_code":5,"worker_id":"396ad16b-abeb-4a80-b720-dea770474dce-22925033772864","trial_id":0,"param_name":"weight_decay","param_value_internal":0.12958350559263473,"distribution":"{\"name\": \"FloatDistribution\", \"attributes\": {\"step\": null, \"low\": 0.0, \"high\": 0.3, \"log\": false}}"}
{"op_code":8,"worker_id":"396ad16b-abeb-4a80-b720-dea770474dce-22925033772864","trial_id":0,"user_attr":{"min_lr":0.00023821402707883155}}
{"op_code":7,"worker_id":"396ad16b-abeb-4a80-b720-dea770474dce-22925033772864","trial_id":0,"step":0,"intermediate_value":0.8060243011086579}
{"op_code":7,"worker_id":"396ad16b-abeb-4a80-b720-dea770474dce-22925033772864","trial_id":0,"step":1,"intermediate_value":0.5104331359037442}
{"op_code":7,"worker_id":"396ad16b-abeb-4a80-b720-dea770474dce-22925033772864","trial_id":0,"step":2,"intermediate_value":0.4956115416996844}
{"op_code":7,"worker_id":"396ad16b-abeb-4a80-b720-dea770474dce-22925033772864","trial_id":0,"step":3,"intermediate_value":0.7852577547727247}
{"op_code":7,"worker_id":"396ad16b-abeb-4a80-b720-dea770474dce-22925033772864","trial_id":0,"step":4,"intermediate_value":0.9156398134865088}
{"op_code":7,"worker_id":"396ad16b-abeb-4a80-b720-dea770474dce-22925033772864","trial_id":0,"step":5,"intermediate_value":0.9149507583955288}
{"op_code":7,"worker_id":"396ad16b-abeb-4a80-b720-dea770474dce-22925033772864","trial_id":0,"step":6,"intermediate_value":0.9150735155119166}
{"op_code":7,"worker_id":"396ad16b-abeb-4a80-b720-dea770474dce-22925033772864","trial_id":0,"step":7,"intermediate_value":0.9153793052987838}
{"op_code":7,"worker_id":"396ad16b-abeb-4a80-b720-dea770474dce-22925033772864","trial_id":0,"step":8,"intermediate_value":0.914912278951982}
{"op_code":7,"worker_id":"396ad16b-abeb-4a80-b720-dea770474dce-22925033772864","trial_id":0,"step":9,"intermediate_value":0.915544741716532}
{"op_code":7,"worker_id":"396ad16b-abeb-4a80-b720-dea770474dce-22925033772864","trial_id":0,"step":10,"intermediate_value":0.9151545703057575}
{"op_code":7,"worker_id":"396ad16b-abeb-4a80-b720-dea770474dce-22925033772864","trial_id":0,"step":11,"intermediate_value":0.9152354995409647}
{"op_code":7,"worker_id":"396ad16b-abeb-4a80-b720-dea770474dce-22925033772864","trial_id":0,"step":12,"intermediate_value":0.9156160323503886}
{"op_code":7,"worker_id":"396ad16b-abeb-4a80-b720-dea770474dce-22925033772864","trial_id":0,"step":13,"intermediate_value":0.9150120524183569}
{"op_code":9,"worker_id":"396ad16b-abeb-4a80-b720-dea770474dce-22925033772864","trial_id":0,"system_attr":{"completed_rung_0":0.9150120524183569}}
{"op_code":7,"worker_id":"396ad16b-abeb-4a80-b720-dea770474dce-22925033772864","trial_id":0,"step":14,"intermediate_value":0.9153975878321827}
{"op_code":7,"worker_id":"396ad16b-abeb-4a80-b720-dea770474dce-22925033772864","trial_id":0,"step":15,"intermediate_value":0.9140188960135337}
{"op_code":7,"worker_id":"396ad16b-abeb-4a80-b720-dea770474dce-22925033772864","trial_id":0,"step":16,"intermediate_value":0.9150460547116869}
{"op_code":7,"worker_id":"396ad16b-abeb-4a80-b720-dea770474dce-22925033772864","trial_id":0,"step":17,"intermediate_value":0.9156488452376279}
{"op_code":7,"worker_id":"396ad16b-abeb-4a80-b720-dea770474dce-22925033772864","trial_id":0,"step":18,"intermediate_value":0.9145655617170911}
{"op_code":7,"worker_id":"396ad16b-abeb-4a80-b720-dea770474dce-22925033772864","trial_id":0,"step":19,"intermediate_value":0.9151965369391979}
{"op_code":7,"worker_id":"396ad16b-abeb-4a80-b720-dea770474dce-22925033772864","trial_id":0,"step":20,"intermediate_value":0.9150709644896845}
{"op_code":9,"worker_id":"396ad16b-abeb-4a80-b720-dea770474dce-22925033772864","trial_id":0,"system_attr":{"completed_rung_1":0.9150709644896845}}
{"op_code":7,"worker_id":"396ad16b-abeb-4a80-b720-dea770474dce-22925033772864","trial_id":0,"step":21,"intermediate_value":0.9154429044022113}
{"op_code":7,"worker_id":"396ad16b-abeb-4a80-b720-dea770474dce-22925033772864","trial_id":0,"step":22,"intermediate_value":0.9150247258082262}
{"op_code":7,"worker_id":"396ad16b-abeb-4a80-b720-dea770474dce-22925033772864","trial_id":0,"step":23,"intermediate_value":0.9152985670954025}
{"op_code":7,"worker_id":"396ad16b-abeb-4a80-b720-dea770474dce-22925033772864","trial_id":0,"step":24,"intermediate_value":0.9152558898162163}
{"op_code":7,"worker_id":"396ad16b-abeb-4a80-b720-dea770474dce-22925033772864","trial_id":0,"step":25,"intermediate_value":0.915298816445035}
{"op_code":7,"worker_id":"396ad16b-abeb-4a80-b720-dea770474dce-22925033772864","trial_id":0,"step":26,"intermediate_value":0.9152046766711017}
{"op_code":7,"worker_id":"396ad16b-abeb-4a80-b720-dea770474dce-22925033772864","trial_id":0,"step":27,"intermediate_value":0.9148611933735342}
{"op_code":7,"worker_id":"396ad16b-abeb-4a80-b720-dea770474dce-22925033772864","trial_id":0,"step":28,"intermediate_value":0.915538392216851}
{"op_code":7,"worker_id":"396ad16b-abeb-4a80-b720-dea770474dce-22925033772864","trial_id":0,"step":29,"intermediate_value":0.9163898268345554}
{"op_code":7,"worker_id":"396ad16b-abeb-4a80-b720-dea770474dce-22925033772864","trial_id":0,"step":30,"intermediate_value":0.9146068871091976}
{"op_code":7,"worker_id":"396ad16b-abeb-4a80-b720-dea770474dce-22925033772864","trial_id":0,"step":31,"intermediate_value":0.915382004024578}
{"op_code":7,"worker_id":"396ad16b-abeb-4a80-b720-dea770474dce-22925033772864","trial_id":0,"step":32,"intermediate_value":0.9150663810268416}
{"op_code":7,"worker_id":"396ad16b-abeb-4a80-b720-dea770474dce-22925033772864","trial_id":0,"step":33,"intermediate_value":0.9150949211307268}
{"op_code":7,"worker_id":"396ad16b-abeb-4a80-b720-dea770474dce-22925033772864","trial_id":0,"step":34,"intermediate_value":0.9146149310494375}
{"op_code":7,"worker_id":"396ad16b-abeb-4a80-b720-dea770474dce-22925033772864","trial_id":0,"step":35,"intermediate_value":0.9154741720231261}
{"op_code":7,"worker_id":"396ad16b-abeb-4a80-b720-dea770474dce-22925033772864","trial_id":0,"step":36,"intermediate_value":0.9150352292354986}
{"op_code":7,"worker_id":"396ad16b-abeb-4a80-b720-dea770474dce-22925033772864","trial_id":0,"step":37,"intermediate_value":0.915217099565911}
{"op_code":7,"worker_id":"396ad16b-abeb-4a80-b720-dea770474dce-22925033772864","trial_id":0,"step":38,"intermediate_value":0.9165557604243323}
{"op_code":7,"worker_id":"396ad16b-abeb-4a80-b720-dea770474dce-22925033772864","trial_id":0,"step":39,"intermediate_value":0.9151725610521482}
{"op_code":7,"worker_id":"396ad16b-abeb-4a80-b720-dea770474dce-22925033772864","trial_id":0,"step":40,"intermediate_value":0.9150679805242011}
{"op_code":9,"worker_id":"396ad16b-abeb-4a80-b720-dea770474dce-22925033772864","trial_id":0,"system_attr":{"completed_rung_2":0.9150679805242011}}
{"op_code":7,"worker_id":"396ad16b-abeb-4a80-b720-dea770474dce-22925033772864","trial_id":0,"step":41,"intermediate_value":0.9167301430679584}
{"op_code":7,"worker_id":"396ad16b-abeb-4a80-b720-dea770474dce-22925033772864","trial_id":0,"step":42,"intermediate_value":0.9168146291095874}
{"op_code":7,"worker_id":"396ad16b-abeb-4a80-b720-dea770474dce-22925033772864","trial_id":0,"step":43,"intermediate_value":0.9170478682642447}
{"op_code":7,"worker_id":"396ad16b-abeb-4a80-b720-dea770474dce-22925033772864","trial_id":0,"step":44,"intermediate_value":0.9153422902911583}
{"op_code":7,"worker_id":"396ad16b-abeb-4a80-b720-dea770474dce-22925033772864","trial_id":0,"step":45,"intermediate_value":0.9152158712859962}
{"op_code":7,"worker_id":"396ad16b-abeb-4a80-b720-dea770474dce-22925033772864","trial_id":0,"step":46,"intermediate_value":0.9149862853940555}
{"op_code":7,"worker_id":"396ad16b-abeb-4a80-b720-dea770474dce-22925033772864","trial_id":0,"step":47,"intermediate_value":0.915092110435875}
{"op_code":7,"worker_id":"396ad16b-abeb-4a80-b720-dea770474dce-22925033772864","trial_id":0,"step":48,"intermediate_value":0.9153861326679216}
{"op_code":7,"worker_id":"396ad16b-abeb-4a80-b720-dea770474dce-22925033772864","trial_id":0,"step":49,"intermediate_value":0.9143392958250759}
{"op_code":7,"worker_id":"396ad16b-abeb-4a80-b720-dea770474dce-22925033772864","trial_id":0,"step":50,"intermediate_value":0.915262748225021}
{"op_code":7,"worker_id":"396ad16b-abeb-4a80-b720-dea770474dce-22925033772864","trial_id":0,"step":51,"intermediate_value":0.9156115888276558}
{"op_code":7,"worker_id":"396ad16b-abeb-4a80-b720-dea770474dce-22925033772864","trial_id":0,"step":52,"intermediate_value":0.9154767872034302}
{"op_code":7,"worker_id":"396ad16b-abeb-4a80-b720-dea770474dce-22925033772864","trial_id":0,"step":53,"intermediate_value":0.9145169660572763}
{"op_code":7,"worker_id":"396ad16b-abeb-4a80-b720-dea770474dce-22925033772864","trial_id":0,"step":54,"intermediate_value":0.9155721869898578}
{"op_code":7,"worker_id":"396ad16b-abeb-4a80-b720-dea770474dce-22925033772864","trial_id":0,"step":55,"intermediate_value":0.9157084244284625}
{"op_code":7,"worker_id":"396ad16b-abeb-4a80-b720-dea770474dce-22925033772864","trial_id":0,"step":56,"intermediate_value":0.9148756157743831}
{"op_code":7,"worker_id":"396ad16b-abeb-4a80-b720-dea770474dce-22925033772864","trial_id":0,"step":57,"intermediate_value":0.915042675191963}
{"op_code":7,"worker_id":"396ad16b-abeb-4a80-b720-dea770474dce-22925033772864","trial_id":0,"step":58,"intermediate_value":0.9149339730346472}
{"op_code":7,"worker_id":"396ad16b-abeb-4a80-b720-dea770474dce-22925033772864","trial_id":0,"step":59,"intermediate_value":0.914216067329986}
{"op_code":7,"worker_id":"396ad16b-abeb-4a80-b720-dea770474dce-22925033772864","trial_id":0,"step":60,"intermediate_value":0.9153813811100816}
{"op_code":7,"worker_id":"396ad16b-abeb-4a80-b720-dea770474dce-22925033772864","trial_id":0,"step":61,"intermediate_value":0.9153725034542921}
{"op_code":7,"worker_id":"396ad16b-abeb-4a80-b720-dea770474dce-22925033772864","trial_id":0,"step":62,"intermediate_value":0.9147314392092106}
{"op_code":7,"worker_id":"396ad16b-abeb-4a80-b720-dea770474dce-22925033772864","trial_id":0,"step":63,"intermediate_value":0.9152523265614628}
{"op_code":7,"worker_id":"396ad16b-abeb-4a80-b720-dea770474dce-22925033772864","trial_id":0,"step":64,"intermediate_value":0.9141169663284455}
{"op_code":7,"worker_id":"396ad16b-abeb-4a80-b720-dea770474dce-22925033772864","trial_id":0,"step":65,"intermediate_value":0.9152713896399574}
{"op_code":7,"worker_id":"396ad16b-abeb-4a80-b720-dea770474dce-22925033772864","trial_id":0,"step":66,"intermediate_value":0.9142684942886923}
{"op_code":7,"worker_id":"396ad16b-abeb-4a80-b720-dea770474dce-22925033772864","trial_id":0,"step":67,"intermediate_value":0.9147968368880972}
{"op_code":7,"worker_id":"396ad16b-abeb-4a80-b720-dea770474dce-22925033772864","trial_id":0,"step":68,"intermediate_value":0.914780893840541}
{"op_code":7,"worker_id":"396ad16b-abeb-4a80-b720-dea770474dce-22925033772864","trial_id":0,"step":69,"intermediate_value":0.9146552139753973}
{"op_code":7,"worker_id":"396ad16b-abeb-4a80-b720-dea770474dce-22925033772864","trial_id":0,"step":70,"intermediate_value":0.9146399277385019}
{"op_code":7,"worker_id":"396ad16b-abeb-4a80-b720-dea770474dce-22925033772864","trial_id":0,"step":71,"intermediate_value":0.9151028583765313}
{"op_code":7,"worker_id":"396ad16b-abeb-4a80-b720-dea770474dce-22925033772864","trial_id":0,"step":72,"intermediate_value":0.914938026716135}
{"op_code":7,"worker_id":"396ad16b-abeb-4a80-b720-dea770474dce-22925033772864","trial_id":0,"step":73,"intermediate_value":0.9153053001435485}
{"op_code":7,"worker_id":"396ad16b-abeb-4a80-b720-dea770474dce-22925033772864","trial_id":0,"step":74,"intermediate_value":0.9150386389605657}
{"op_code":7,"worker_id":"396ad16b-abeb-4a80-b720-dea770474dce-22925033772864","trial_id":0,"step":75,"intermediate_value":0.9153874577152348}
{"op_code":7,"worker_id":"396ad16b-abeb-4a80-b720-dea770474dce-22925033772864","trial_id":0,"step":76,"intermediate_value":0.9150030882615918}
{"op_code":7,"worker_id":"396ad16b-abeb-4a80-b720-dea770474dce-22925033772864","trial_id":0,"step":77,"intermediate_value":0.9170002398966046}
{"op_code":7,"worker_id":"396ad16b-abeb-4a80-b720-dea770474dce-22925033772864","trial_id":0,"step":78,"intermediate_value":0.9140300373589866}
{"op_code":7,"worker_id":"396ad16b-abeb-4a80-b720-dea770474dce-22925033772864","trial_id":0,"step":79,"intermediate_value":0.9150595012225856}
{"op_code":7,"worker_id":"396ad16b-abeb-4a80-b720-dea770474dce-22925033772864","trial_id":0,"step":80,"intermediate_value":0.9152343024986919}
{"op_code":9,"worker_id":"396ad16b-abeb-4a80-b720-dea770474dce-22925033772864","trial_id":0,"system_attr":{"completed_rung_3":0.9152343024986919}}
{"op_code":7,"worker_id":"396ad16b-abeb-4a80-b720-dea770474dce-22925033772864","trial_id":0,"step":81,"intermediate_value":0.9142739779584348}
{"op_code":7,"worker_id":"396ad16b-abeb-4a80-b720-dea770474dce-22925033772864","trial_id":0,"step":82,"intermediate_value":0.9148129957992128}
{"op_code":7,"worker_id":"396ad16b-abeb-4a80-b720-dea770474dce-22925033772864","trial_id":0,"step":83,"intermediate_value":0.9146672635740233}
{"op_code":7,"worker_id":"396ad16b-abeb-4a80-b720-dea770474dce-22925033772864","trial_id":0,"step":84,"intermediate_value":0.91528415094491}
{"op_code":7,"worker_id":"396ad16b-abeb-4a80-b720-dea770474dce-22925033772864","trial_id":0,"step":85,"intermediate_value":0.9148822261062522}
{"op_code":7,"worker_id":"396ad16b-abeb-4a80-b720-dea770474dce-22925033772864","trial_id":0,"step":86,"intermediate_value":0.9166248748028123}
{"op_code":7,"worker_id":"396ad16b-abeb-4a80-b720-dea770474dce-22925033772864","trial_id":0,"step":87,"intermediate_value":0.9148657770060701}
{"op_code":7,"worker_id":"396ad16b-abeb-4a80-b720-dea770474dce-22925033772864","trial_id":0,"step":88,"intermediate_value":0.9170769749869938}
{"op_code":7,"worker_id":"396ad16b-abeb-4a80-b720-dea770474dce-22925033772864","trial_id":0,"step":89,"intermediate_value":0.9157126160137452}
{"op_code":7,"worker_id":"396ad16b-abeb-4a80-b720-dea770474dce-22925033772864","trial_id":0,"step":90,"intermediate_value":0.9149561763092575}
{"op_code":7,"worker_id":"396ad16b-abeb-4a80-b720-dea770474dce-22925033772864","trial_id":0,"step":91,"intermediate_value":0.9155801753132369}
{"op_code":7,"worker_id":"396ad16b-abeb-4a80-b720-dea770474dce-22925033772864","trial_id":0,"step":92,"intermediate_value":0.9162278270240639}
{"op_code":7,"worker_id":"396ad16b-abeb-4a80-b720-dea770474dce-22925033772864","trial_id":0,"step":93,"intermediate_value":0.9147287338229685}
{"op_code":7,"worker_id":"396ad16b-abeb-4a80-b720-dea770474dce-22925033772864","trial_id":0,"step":94,"intermediate_value":0.9158321447219713}
{"op_code":7,"worker_id":"396ad16b-abeb-4a80-b720-dea770474dce-22925033772864","trial_id":0,"step":95,"intermediate_value":0.9145443535642974}
{"op_code":7,"worker_id":"396ad16b-abeb-4a80-b720-dea770474dce-22925033772864","trial_id":0,"step":96,"intermediate_value":0.9158327506813149}
{"op_code":7,"worker_id":"396ad16b-abeb-4a80-b720-dea770474dce-22925033772864","trial_id":0,"step":97,"intermediate_value":0.9151583936290809}
{"op_code":7,"worker_id":"396ad16b-abeb-4a80-b720-dea770474dce-22925033772864","trial_id":0,"step":98,"intermediate_value":0.915808568348664}
{"op_code":7,"worker_id":"396ad16b-abeb-4a80-b720-dea770474dce-22925033772864","trial_id":0,"step":99,"intermediate_value":0.9148041217635393}
{"op_code":7,"worker_id":"396ad16b-abeb-4a80-b720-dea770474dce-22925033772864","trial_id":0,"step":100,"intermediate_value":0.9155314529917843}
{"op_code":7,"worker_id":"396ad16b-abeb-4a80-b720-dea770474dce-22925033772864","trial_id":0,"step":101,"intermediate_value":0.9151108444939021}
{"op_code":7,"worker_id":"396ad16b-abeb-4a80-b720-dea770474dce-22925033772864","trial_id":0,"step":102,"intermediate_value":0.9150040846136824}
{"op_code":7,"worker_id":"396ad16b-abeb-4a80-b720-dea770474dce-22925033772864","trial_id":0,"step":103,"intermediate_value":0.915205383611885}
{"op_code":7,"worker_id":"396ad16b-abeb-4a80-b720-dea770474dce-22925033772864","trial_id":0,"step":104,"intermediate_value":0.9153029502781543}
{"op_code":7,"worker_id":"396ad16b-abeb-4a80-b720-dea770474dce-22925033772864","trial_id":0,"step":105,"intermediate_value":0.915316614038438}
{"op_code":7,"worker_id":"396ad16b-abeb-4a80-b720-dea770474dce-22925033772864","trial_id":0,"step":106,"intermediate_value":0.9149169485905558}
{"op_code":7,"worker_id":"396ad16b-abeb-4a80-b720-dea770474dce-22925033772864","trial_id":0,"step":107,"intermediate_value":0.9152985358294784}
{"op_code":7,"worker_id":"396ad16b-abeb-4a80-b720-dea770474dce-22925033772864","trial_id":0,"step":108,"intermediate_value":0.9150396895578323}
{"op_code":7,"worker_id":"396ad16b-abeb-4a80-b720-dea770474dce-22925033772864","trial_id":0,"step":109,"intermediate_value":0.9154454592001113}
{"op_code":7,"worker_id":"396ad16b-abeb-4a80-b720-dea770474dce-22925033772864","trial_id":0,"step":110,"intermediate_value":0.9151262590469414}
{"op_code":7,"worker_id":"396ad16b-abeb-4a80-b720-dea770474dce-22925033772864","trial_id":0,"step":111,"intermediate_value":0.9150722331989419}
{"op_code":7,"worker_id":"396ad16b-abeb-4a80-b720-dea770474dce-22925033772864","trial_id":0,"step":112,"intermediate_value":0.9147634852682003}
{"op_code":7,"worker_id":"396ad16b-abeb-4a80-b720-dea770474dce-22925033772864","trial_id":0,"step":113,"intermediate_value":0.9157922898323086}
{"op_code":7,"worker_id":"396ad16b-abeb-4a80-b720-dea770474dce-22925033772864","trial_id":0,"step":114,"intermediate_value":0.9151620629984855}
{"op_code":7,"worker_id":"396ad16b-abeb-4a80-b720-dea770474dce-22925033772864","trial_id":0,"step":115,"intermediate_value":0.9137150416877629}
{"op_code":7,"worker_id":"396ad16b-abeb-4a80-b720-dea770474dce-22925033772864","trial_id":0,"step":116,"intermediate_value":0.9162497736663864}
{"op_code":7,"worker_id":"396ad16b-abeb-4a80-b720-dea770474dce-22925033772864","trial_id":0,"step":117,"intermediate_value":0.9155627762295597}
{"op_code":7,"worker_id":"396ad16b-abeb-4a80-b720-dea770474dce-22925033772864","trial_id":0,"step":118,"intermediate_value":0.9155942784226804}
{"op_code":7,"worker_id":"396ad16b-abeb-4a80-b720-dea770474dce-22925033772864","trial_id":0,"step":119,"intermediate_value":0.9145615147243332}
{"op_code":7,"worker_id":"396ad16b-abeb-4a80-b720-dea770474dce-22925033772864","trial_id":0,"step":120,"intermediate_value":0.914993537278362}
{"op_code":7,"worker_id":"396ad16b-abeb-4a80-b720-dea770474dce-22925033772864","trial_id":0,"step":121,"intermediate_value":0.9151688662005206}
{"op_code":7,"worker_id":"396ad16b-abeb-4a80-b720-dea770474dce-22925033772864","trial_id":0,"step":122,"intermediate_value":0.9152397933521021}
{"op_code":7,"worker_id":"396ad16b-abeb-4a80-b720-dea770474dce-22925033772864","trial_id":0,"step":123,"intermediate_value":0.9150989540531118}
{"op_code":7,"worker_id":"396ad16b-abeb-4a80-b720-dea770474dce-22925033772864","trial_id":0,"step":124,"intermediate_value":0.9149331267901021}
{"op_code":7,"worker_id":"396ad16b-abeb-4a80-b720-dea770474dce-22925033772864","trial_id":0,"step":125,"intermediate_value":0.9152578085059938}
{"op_code":7,"worker_id":"396ad16b-abeb-4a80-b720-dea770474dce-22925033772864","trial_id":0,"step":126,"intermediate_value":0.915281852072244}
{"op_code":7,"worker_id":"396ad16b-abeb-4a80-b720-dea770474dce-22925033772864","trial_id":0,"step":127,"intermediate_value":0.9153440073715834}
{"op_code":7,"worker_id":"396ad16b-abeb-4a80-b720-dea770474dce-22925033772864","trial_id":0,"step":128,"intermediate_value":0.9152861028379393}
{"op_code":7,"worker_id":"396ad16b-abeb-4a80-b720-dea770474dce-22925033772864","trial_id":0,"step":129,"intermediate_value":0.9154710190717578}
{"op_code":7,"worker_id":"396ad16b-abeb-4a80-b720-dea770474dce-22925033772864","trial_id":0,"step":130,"intermediate_value":0.915423472298139}
{"op_code":7,"worker_id":"396ad16b-abeb-4a80-b720-dea770474dce-22925033772864","trial_id":0,"step":131,"intermediate_value":0.9153545417536761}
{"op_code":7,"worker_id":"396ad16b-abeb-4a80-b720-dea770474dce-22925033772864","trial_id":0,"step":132,"intermediate_value":0.9151229778501345}
{"op_code":7,"worker_id":"396ad16b-abeb-4a80-b720-dea770474dce-22925033772864","trial_id":0,"step":133,"intermediate_value":0.9153788798361627}
{"op_code":7,"worker_id":"396ad16b-abeb-4a80-b720-dea770474dce-22925033772864","trial_id":0,"step":134,"intermediate_value":0.9158954548241829}
{"op_code":7,"worker_id":"396ad16b-abeb-4a80-b720-dea770474dce-22925033772864","trial_id":0,"step":135,"intermediate_value":0.9152216930264963}
{"op_code":7,"worker_id":"396ad16b-abeb-4a80-b720-dea770474dce-22925033772864","trial_id":0,"step":136,"intermediate_value":0.9152410666147868}
{"op_code":7,"worker_id":"396ad16b-abeb-4a80-b720-dea770474dce-22925033772864","trial_id":0,"step":137,"intermediate_value":0.915108550118099}
{"op_code":7,"worker_id":"396ad16b-abeb-4a80-b720-dea770474dce-22925033772864","trial_id":0,"step":138,"intermediate_value":0.9158294875568059}
{"op_code":7,"worker_id":"396ad16b-abeb-4a80-b720-dea770474dce-22925033772864","trial_id":0,"step":139,"intermediate_value":0.9151729388451944}
{"op_code":7,"worker_id":"396ad16b-abeb-4a80-b720-dea770474dce-22925033772864","trial_id":0,"step":140,"intermediate_value":0.9148855567261276}
{"op_code":7,"worker_id":"396ad16b-abeb-4a80-b720-dea770474dce-22925033772864","trial_id":0,"step":141,"intermediate_value":0.9150737145617339}
{"op_code":7,"worker_id":"396ad16b-abeb-4a80-b720-dea770474dce-22925033772864","trial_id":0,"step":142,"intermediate_value":0.9151096102040291}
{"op_code":7,"worker_id":"396ad16b-abeb-4a80-b720-dea770474dce-22925033772864","trial_id":0,"step":143,"intermediate_value":0.9151252793671821}
{"op_code":7,"worker_id":"396ad16b-abeb-4a80-b720-dea770474dce-22925033772864","trial_id":0,"step":144,"intermediate_value":0.9152236256169537}
{"op_code":7,"worker_id":"396ad16b-abeb-4a80-b720-dea770474dce-22925033772864","trial_id":0,"step":145,"intermediate_value":0.9152836290825587}
{"op_code":7,"worker_id":"396ad16b-abeb-4a80-b720-dea770474dce-22925033772864","trial_id":0,"step":146,"intermediate_value":0.9151786492247033}
{"op_code":7,"worker_id":"396ad16b-abeb-4a80-b720-dea770474dce-22925033772864","trial_id":0,"step":147,"intermediate_value":0.9159728790941611}
{"op_code":7,"worker_id":"396ad16b-abeb-4a80-b720-dea770474dce-22925033772864","trial_id":0,"step":148,"intermediate_value":0.9155777576272315}
{"op_code":7,"worker_id":"396ad16b-abeb-4a80-b720-dea770474dce-22925033772864","trial_id":0,"step":149,"intermediate_value":0.91520678671795}
{"op_code":7,"worker_id":"396ad16b-abeb-4a80-b720-dea770474dce-22925033772864","trial_id":0,"step":150,"intermediate_value":0.9154024966105306}
{"op_code":7,"worker_id":"396ad16b-abeb-4a80-b720-dea770474dce-22925033772864","trial_id":0,"step":151,"intermediate_value":0.9152486471094695}
{"op_code":7,"worker_id":"396ad16b-abeb-4a80-b720-dea770474dce-22925033772864","trial_id":0,"step":152,"intermediate_value":0.9152649709479806}
{"op_code":7,"worker_id":"396ad16b-abeb-4a80-b720-dea770474dce-22925033772864","trial_id":0,"step":153,"intermediate_value":0.9154410467311863}
{"op_code":7,"worker_id":"396ad16b-abeb-4a80-b720-dea770474dce-22925033772864","trial_id":0,"step":154,"intermediate_value":0.915380790324115}
{"op_code":7,"worker_id":"396ad16b-abeb-4a80-b720-dea770474dce-22925033772864","trial_id":0,"step":155,"intermediate_value":0.9152526106698657}
{"op_code":7,"worker_id":"396ad16b-abeb-4a80-b720-dea770474dce-22925033772864","trial_id":0,"step":156,"intermediate_value":0.9152676986771263}
{"op_code":7,"worker_id":"396ad16b-abeb-4a80-b720-dea770474dce-22925033772864","trial_id":0,"step":157,"intermediate_value":0.915272933661867}
{"op_code":7,"worker_id":"396ad16b-abeb-4a80-b720-dea770474dce-22925033772864","trial_id":0,"step":158,"intermediate_value":0.9153429199509491}
{"op_code":7,"worker_id":"396ad16b-abeb-4a80-b720-dea770474dce-22925033772864","trial_id":0,"step":159,"intermediate_value":0.9154302010191152}
{"op_code":7,"worker_id":"396ad16b-abeb-4a80-b720-dea770474dce-22925033772864","trial_id":0,"step":160,"intermediate_value":0.915292528374198}
{"op_code":9,"worker_id":"396ad16b-abeb-4a80-b720-dea770474dce-22925033772864","trial_id":0,"system_attr":{"completed_rung_4":0.915292528374198}}
{"op_code":7,"worker_id":"396ad16b-abeb-4a80-b720-dea770474dce-22925033772864","trial_id":0,"step":161,"intermediate_value":0.9152640399135304}
{"op_code":7,"worker_id":"396ad16b-abeb-4a80-b720-dea770474dce-22925033772864","trial_id":0,"step":162,"intermediate_value":0.9152707262678361}
{"op_code":7,"worker_id":"396ad16b-abeb-4a80-b720-dea770474dce-22925033772864","trial_id":0,"step":163,"intermediate_value":0.9154727902700892}
{"op_code":7,"worker_id":"396ad16b-abeb-4a80-b720-dea770474dce-22925033772864","trial_id":0,"step":164,"intermediate_value":0.9153129836842683}
{"op_code":7,"worker_id":"396ad16b-abeb-4a80-b720-dea770474dce-22925033772864","trial_id":0,"step":165,"intermediate_value":0.9152926600276363}
{"op_code":7,"worker_id":"396ad16b-abeb-4a80-b720-dea770474dce-22925033772864","trial_id":0,"step":166,"intermediate_value":0.9154129853452228}
{"op_code":7,"worker_id":"396ad16b-abeb-4a80-b720-dea770474dce-22925033772864","trial_id":0,"step":167,"intermediate_value":0.9152285863779052}
{"op_code":7,"worker_id":"396ad16b-abeb-4a80-b720-dea770474dce-22925033772864","trial_id":0,"step":168,"intermediate_value":0.9152895588043322}
{"op_code":7,"worker_id":"396ad16b-abeb-4a80-b720-dea770474dce-22925033772864","trial_id":0,"step":169,"intermediate_value":0.9152741054057509}
{"op_code":7,"worker_id":"396ad16b-abeb-4a80-b720-dea770474dce-22925033772864","trial_id":0,"step":170,"intermediate_value":0.9151878670441298}
{"op_code":7,"worker_id":"396ad16b-abeb-4a80-b720-dea770474dce-22925033772864","trial_id":0,"step":171,"intermediate_value":0.9152628524730497}
{"op_code":7,"worker_id":"396ad16b-abeb-4a80-b720-dea770474dce-22925033772864","trial_id":0,"step":172,"intermediate_value":0.9153462531162185}
{"op_code":7,"worker_id":"396ad16b-abeb-4a80-b720-dea770474dce-22925033772864","trial_id":0,"step":173,"intermediate_value":0.9153274495406507}
{"op_code":7,"worker_id":"396ad16b-abeb-4a80-b720-dea770474dce-22925033772864","trial_id":0,"step":174,"intermediate_value":0.91531634219035}
{"op_code":7,"worker_id":"396ad16b-abeb-4a80-b720-dea770474dce-22925033772864","trial_id":0,"step":175,"intermediate_value":0.91537771191037}
{"op_code":7,"worker_id":"396ad16b-abeb-4a80-b720-dea770474dce-22925033772864","trial_id":0,"step":176,"intermediate_value":0.915209235783008}
{"op_code":7,"worker_id":"396ad16b-abeb-4a80-b720-dea770474dce-22925033772864","trial_id":0,"step":177,"intermediate_value":0.9153282794381093}
{"op_code":7,"worker_id":"396ad16b-abeb-4a80-b720-dea770474dce-22925033772864","trial_id":0,"step":178,"intermediate_value":0.9152459009544988}
{"op_code":7,"worker_id":"396ad16b-abeb-4a80-b720-dea770474dce-22925033772864","trial_id":0,"step":179,"intermediate_value":0.9153315210398971}
{"op_code":7,"worker_id":"396ad16b-abeb-4a80-b720-dea770474dce-22925033772864","trial_id":0,"step":180,"intermediate_value":0.915270638027508}
{"op_code":7,"worker_id":"396ad16b-abeb-4a80-b720-dea770474dce-22925033772864","trial_id":0,"step":181,"intermediate_value":0.9153640233749173}
{"op_code":7,"worker_id":"396ad16b-abeb-4a80-b720-dea770474dce-22925033772864","trial_id":0,"step":182,"intermediate_value":0.9153837164667294}
{"op_code":7,"worker_id":"396ad16b-abeb-4a80-b720-dea770474dce-22925033772864","trial_id":0,"step":183,"intermediate_value":0.9153171214344663}
{"op_code":7,"worker_id":"396ad16b-abeb-4a80-b720-dea770474dce-22925033772864","trial_id":0,"step":184,"intermediate_value":0.915266721868006}
{"op_code":7,"worker_id":"396ad16b-abeb-4a80-b720-dea770474dce-22925033772864","trial_id":0,"step":185,"intermediate_value":0.9153117134760566}
{"op_code":7,"worker_id":"396ad16b-abeb-4a80-b720-dea770474dce-22925033772864","trial_id":0,"step":186,"intermediate_value":0.91539269262927}
{"op_code":7,"worker_id":"396ad16b-abeb-4a80-b720-dea770474dce-22925033772864","trial_id":0,"step":187,"intermediate_value":0.9152964413236752}
{"op_code":7,"worker_id":"396ad16b-abeb-4a80-b720-dea770474dce-22925033772864","trial_id":0,"step":188,"intermediate_value":0.9153139545541358}
{"op_code":7,"worker_id":"396ad16b-abeb-4a80-b720-dea770474dce-22925033772864","trial_id":0,"step":189,"intermediate_value":0.9153373726463544}
{"op_code":7,"worker_id":"396ad16b-abeb-4a80-b720-dea770474dce-22925033772864","trial_id":0,"step":190,"intermediate_value":0.9153403945382097}
{"op_code":7,"worker_id":"396ad16b-abeb-4a80-b720-dea770474dce-22925033772864","trial_id":0,"step":191,"intermediate_value":0.9153012570820104}
{"op_code":7,"worker_id":"396ad16b-abeb-4a80-b720-dea770474dce-22925033772864","trial_id":0,"step":192,"intermediate_value":0.9153265693999412}
{"op_code":7,"worker_id":"396ad16b-abeb-4a80-b720-dea770474dce-22925033772864","trial_id":0,"step":193,"intermediate_value":0.9153108269294385}
{"op_code":7,"worker_id":"396ad16b-abeb-4a80-b720-dea770474dce-22925033772864","trial_id":0,"step":194,"intermediate_value":0.9153349768507382}
{"op_code":7,"worker_id":"396ad16b-abeb-4a80-b720-dea770474dce-22925033772864","trial_id":0,"step":195,"intermediate_value":0.9153098264905765}
{"op_code":7,"worker_id":"396ad16b-abeb-4a80-b720-dea770474dce-22925033772864","trial_id":0,"step":196,"intermediate_value":0.91530317343851}
{"op_code":7,"worker_id":"396ad16b-abeb-4a80-b720-dea770474dce-22925033772864","trial_id":0,"step":197,"intermediate_value":0.9153190187005102}
{"op_code":7,"worker_id":"396ad16b-abeb-4a80-b720-dea770474dce-22925033772864","trial_id":0,"step":198,"intermediate_value":0.9153252121109696}
{"op_code":7,"worker_id":"396ad16b-abeb-4a80-b720-dea770474dce-22925033772864","trial_id":0,"step":199,"intermediate_value":0.9153184627581604}
{"op_code":6,"worker_id":"396ad16b-abeb-4a80-b720-dea770474dce-22925033772864","trial_id":0,"state":1,"values":[0.4956115416996844],"datetime_complete":"2025-12-22T16:07:31.402128"}
{"op_code":4,"worker_id":"396ad16b-abeb-4a80-b720-dea770474dce-22925033772864","study_id":0,"datetime_start":"2025-12-22T16:07:31.402814"}
{"op_code":5,"worker_id":"396ad16b-abeb-4a80-b720-dea770474dce-22925033772864","trial_id":1,"param_name":"n_layers","param_value_internal":20.0,"distribution":"{\"name\": \"IntDistribution\", \"attributes\": {\"log\": false, \"step\": 1, \"low\": 2, \"high\": 64}}"}
{"op_code":5,"worker_id":"396ad16b-abeb-4a80-b720-dea770474dce-22925033772864","trial_id":1,"param_name":"n_heads","param_value_internal":0,"distribution":"{\"name\": \"CategoricalDistribution\", \"attributes\": {\"choices\": [2, 4, 8, 16, 32]}}"}
{"op_code":5,"worker_id":"396ad16b-abeb-4a80-b720-dea770474dce-22925033772864","trial_id":1,"param_name":"head_dim","param_value_internal":0,"distribution":"{\"name\": \"CategoricalDistribution\", \"attributes\": {\"choices\": [4, 8, 16, 32, 64]}}"}
{"op_code":8,"worker_id":"396ad16b-abeb-4a80-b720-dea770474dce-22925033772864","trial_id":1,"user_attr":{"d_model":8}}
{"op_code":5,"worker_id":"396ad16b-abeb-4a80-b720-dea770474dce-22925033772864","trial_id":1,"param_name":"lr","param_value_internal":0.000269264691008618,"distribution":"{\"name\": \"FloatDistribution\", \"attributes\": {\"step\": null, \"low\": 1e-06, \"high\": 0.01, \"log\": true}}"}
{"op_code":5,"worker_id":"396ad16b-abeb-4a80-b720-dea770474dce-22925033772864","trial_id":1,"param_name":"min_lr_ratio","param_value_internal":0.00032476735706274504,"distribution":"{\"name\": \"FloatDistribution\", \"attributes\": {\"step\": null, \"low\": 0.0001, \"high\": 0.1, \"log\": true}}"}
{"op_code":5,"worker_id":"396ad16b-abeb-4a80-b720-dea770474dce-22925033772864","trial_id":1,"param_name":"batch_size","param_value_internal":2,"distribution":"{\"name\": \"CategoricalDistribution\", \"attributes\": {\"choices\": [64, 128, 256, 512, 1024]}}"}
{"op_code":5,"worker_id":"396ad16b-abeb-4a80-b720-dea770474dce-22925033772864","trial_id":1,"param_name":"weight_decay","param_value_internal":0.029301634201915158,"distribution":"{\"name\": \"FloatDistribution\", \"attributes\": {\"step\": null, \"low\": 0.0, \"high\": 0.3, \"log\": false}}"}
{"op_code":8,"worker_id":"396ad16b-abeb-4a80-b720-dea770474dce-22925033772864","trial_id":1,"user_attr":{"min_lr":8.744838204918556e-08}}
{"op_code":7,"worker_id":"396ad16b-abeb-4a80-b720-dea770474dce-22925033772864","trial_id":1,"step":0,"intermediate_value":0.9166881909574054}
{"op_code":7,"worker_id":"396ad16b-abeb-4a80-b720-dea770474dce-22925033772864","trial_id":1,"step":1,"intermediate_value":0.7823681003258321}
{"op_code":7,"worker_id":"396ad16b-abeb-4a80-b720-dea770474dce-22925033772864","trial_id":1,"step":2,"intermediate_value":0.5085539792638939}
{"op_code":7,"worker_id":"396ad16b-abeb-4a80-b720-dea770474dce-22925033772864","trial_id":1,"step":3,"intermediate_value":0.525816341269483}
{"op_code":7,"worker_id":"396ad16b-abeb-4a80-b720-dea770474dce-22925033772864","trial_id":1,"step":4,"intermediate_value":0.5071938791096847}
{"op_code":7,"worker_id":"396ad16b-abeb-4a80-b720-dea770474dce-22925033772864","trial_id":1,"step":5,"intermediate_value":0.6177498507895645}
{"op_code":7,"worker_id":"396ad16b-abeb-4a80-b720-dea770474dce-22925033772864","trial_id":1,"step":6,"intermediate_value":0.9276437382398268}
{"op_code":7,"worker_id":"396ad16b-abeb-4a80-b720-dea770474dce-22925033772864","trial_id":1,"step":7,"intermediate_value":0.9152821780099564}
{"op_code":7,"worker_id":"396ad16b-abeb-4a80-b720-dea770474dce-22925033772864","trial_id":1,"step":8,"intermediate_value":0.9153761289439308}
{"op_code":7,"worker_id":"396ad16b-abeb-4a80-b720-dea770474dce-22925033772864","trial_id":1,"step":9,"intermediate_value":0.9154496477874855}
{"op_code":7,"worker_id":"396ad16b-abeb-4a80-b720-dea770474dce-22925033772864","trial_id":1,"step":10,"intermediate_value":0.9154042567788211}
{"op_code":7,"worker_id":"396ad16b-abeb-4a80-b720-dea770474dce-22925033772864","trial_id":1,"step":11,"intermediate_value":0.9155500327423657}
{"op_code":7,"worker_id":"396ad16b-abeb-4a80-b720-dea770474dce-22925033772864","trial_id":1,"step":12,"intermediate_value":0.9148967665143991}
{"op_code":7,"worker_id":"396ad16b-abeb-4a80-b720-dea770474dce-22925033772864","trial_id":1,"step":13,"intermediate_value":0.9153875888878764}
{"op_code":7,"worker_id":"396ad16b-abeb-4a80-b720-dea770474dce-22925033772864","trial_id":1,"step":14,"intermediate_value":0.9153181662338908}
{"op_code":7,"worker_id":"396ad16b-abeb-4a80-b720-dea770474dce-22925033772864","trial_id":1,"step":15,"intermediate_value":0.9154045512809165}
{"op_code":9,"worker_id":"396ad16b-abeb-4a80-b720-dea770474dce-22925033772864","trial_id":1,"system_attr":{"completed_rung_0":0.9154045512809165}}
{"op_code":6,"worker_id":"396ad16b-abeb-4a80-b720-dea770474dce-22925033772864","trial_id":1,"state":2,"values":[0.9154045512809165],"datetime_complete":"2025-12-22T16:16:41.324773"}
{"op_code":4,"worker_id":"396ad16b-abeb-4a80-b720-dea770474dce-22925033772864","study_id":0,"datetime_start":"2025-12-22T16:16:41.325262"}
{"op_code":5,"worker_id":"396ad16b-abeb-4a80-b720-dea770474dce-22925033772864","trial_id":2,"param_name":"n_layers","param_value_internal":45.0,"distribution":"{\"name\": \"IntDistribution\", \"attributes\": {\"log\": false, \"step\": 1, \"low\": 2, \"high\": 64}}"}
{"op_code":5,"worker_id":"396ad16b-abeb-4a80-b720-dea770474dce-22925033772864","trial_id":2,"param_name":"n_heads","param_value_internal":4,"distribution":"{\"name\": \"CategoricalDistribution\", \"attributes\": {\"choices\": [2, 4, 8, 16, 32]}}"}
{"op_code":5,"worker_id":"396ad16b-abeb-4a80-b720-dea770474dce-22925033772864","trial_id":2,"param_name":"head_dim","param_value_internal":1,"distribution":"{\"name\": \"CategoricalDistribution\", \"attributes\": {\"choices\": [4, 8, 16, 32, 64]}}"}
{"op_code":8,"worker_id":"396ad16b-abeb-4a80-b720-dea770474dce-22925033772864","trial_id":2,"user_attr":{"d_model":256}}
{"op_code":5,"worker_id":"396ad16b-abeb-4a80-b720-dea770474dce-22925033772864","trial_id":2,"param_name":"lr","param_value_internal":5.4880470007660465e-06,"distribution":"{\"name\": \"FloatDistribution\", \"attributes\": {\"step\": null, \"low\": 1e-06, \"high\": 0.01, \"log\": true}}"}
{"op_code":5,"worker_id":"396ad16b-abeb-4a80-b720-dea770474dce-22925033772864","trial_id":2,"param_name":"min_lr_ratio","param_value_internal":0.08105016126411585,"distribution":"{\"name\": \"FloatDistribution\", \"attributes\": {\"step\": null, \"low\": 0.0001, \"high\": 0.1, \"log\": true}}"}
{"op_code":5,"worker_id":"396ad16b-abeb-4a80-b720-dea770474dce-22925033772864","trial_id":2,"param_name":"batch_size","param_value_internal":1,"distribution":"{\"name\": \"CategoricalDistribution\", \"attributes\": {\"choices\": [64, 128, 256, 512, 1024]}}"}
{"op_code":5,"worker_id":"396ad16b-abeb-4a80-b720-dea770474dce-22925033772864","trial_id":2,"param_name":"weight_decay","param_value_internal":0.02654775061557585,"distribution":"{\"name\": \"FloatDistribution\", \"attributes\": {\"step\": null, \"low\": 0.0, \"high\": 0.3, \"log\": false}}"}
{"op_code":8,"worker_id":"396ad16b-abeb-4a80-b720-dea770474dce-22925033772864","trial_id":2,"user_attr":{"min_lr":4.448070944371354e-07}}
{"op_code":7,"worker_id":"396ad16b-abeb-4a80-b720-dea770474dce-22925033772864","trial_id":2,"step":0,"intermediate_value":0.7249241233579063}
{"op_code":7,"worker_id":"396ad16b-abeb-4a80-b720-dea770474dce-22925033772864","trial_id":2,"step":1,"intermediate_value":0.5862290622500762}
{"op_code":7,"worker_id":"396ad16b-abeb-4a80-b720-dea770474dce-22925033772864","trial_id":2,"step":2,"intermediate_value":0.5002208351099052}
{"op_code":7,"worker_id":"396ad16b-abeb-4a80-b720-dea770474dce-22925033772864","trial_id":2,"step":3,"intermediate_value":0.46587676901551467}
{"op_code":7,"worker_id":"396ad16b-abeb-4a80-b720-dea770474dce-22925033772864","trial_id":2,"step":4,"intermediate_value":0.5545632275963734}
{"op_code":7,"worker_id":"396ad16b-abeb-4a80-b720-dea770474dce-22925033772864","trial_id":2,"step":5,"intermediate_value":0.4828429736276538}
{"op_code":7,"worker_id":"396ad16b-abeb-4a80-b720-dea770474dce-22925033772864","trial_id":2,"step":6,"intermediate_value":0.4964120848181692}
{"op_code":7,"worker_id":"396ad16b-abeb-4a80-b720-dea770474dce-22925033772864","trial_id":2,"step":7,"intermediate_value":0.4872437706762927}
{"op_code":7,"worker_id":"396ad16b-abeb-4a80-b720-dea770474dce-22925033772864","trial_id":2,"step":8,"intermediate_value":0.532291841584734}
{"op_code":7,"worker_id":"396ad16b-abeb-4a80-b720-dea770474dce-22925033772864","trial_id":2,"step":9,"intermediate_value":0.5345650931340803}
{"op_code":7,"worker_id":"396ad16b-abeb-4a80-b720-dea770474dce-22925033772864","trial_id":2,"step":10,"intermediate_value":0.5015825476934901}
{"op_code":7,"worker_id":"396ad16b-abeb-4a80-b720-dea770474dce-22925033772864","trial_id":2,"step":11,"intermediate_value":0.5129458828753}
{"op_code":7,"worker_id":"396ad16b-abeb-4a80-b720-dea770474dce-22925033772864","trial_id":2,"step":12,"intermediate_value":0.5304254448710811}
{"op_code":7,"worker_id":"396ad16b-abeb-4a80-b720-dea770474dce-22925033772864","trial_id":2,"step":13,"intermediate_value":0.5502440640510613}
{"op_code":7,"worker_id":"396ad16b-abeb-4a80-b720-dea770474dce-22925033772864","trial_id":2,"step":14,"intermediate_value":0.5350499610176855}
{"op_code":7,"worker_id":"396ad16b-abeb-4a80-b720-dea770474dce-22925033772864","trial_id":2,"step":15,"intermediate_value":0.5363655873323533}
{"op_code":7,"worker_id":"396ad16b-abeb-4a80-b720-dea770474dce-22925033772864","trial_id":2,"step":16,"intermediate_value":0.5569530916100861}
{"op_code":7,"worker_id":"396ad16b-abeb-4a80-b720-dea770474dce-22925033772864","trial_id":2,"step":17,"intermediate_value":0.5900462248429992}
{"op_code":7,"worker_id":"396ad16b-abeb-4a80-b720-dea770474dce-22925033772864","trial_id":2,"step":18,"intermediate_value":0.5989869831437035}
{"op_code":7,"worker_id":"396ad16b-abeb-4a80-b720-dea770474dce-22925033772864","trial_id":2,"step":19,"intermediate_value":0.6368513097118228}
{"op_code":7,"worker_id":"396ad16b-abeb-4a80-b720-dea770474dce-22925033772864","trial_id":2,"step":20,"intermediate_value":0.7054117898641249}
{"op_code":7,"worker_id":"396ad16b-abeb-4a80-b720-dea770474dce-22925033772864","trial_id":2,"step":21,"intermediate_value":0.861316821314969}
{"op_code":7,"worker_id":"396ad16b-abeb-4a80-b720-dea770474dce-22925033772864","trial_id":2,"step":22,"intermediate_value":0.9265579445647741}
{"op_code":7,"worker_id":"396ad16b-abeb-4a80-b720-dea770474dce-22925033772864","trial_id":2,"step":23,"intermediate_value":0.9856102481855616}
{"op_code":7,"worker_id":"396ad16b-abeb-4a80-b720-dea770474dce-22925033772864","trial_id":2,"step":24,"intermediate_value":0.9656954234746569}
{"op_code":7,"worker_id":"396ad16b-abeb-4a80-b720-dea770474dce-22925033772864","trial_id":2,"step":25,"intermediate_value":0.9635574022080409}
{"op_code":7,"worker_id":"396ad16b-abeb-4a80-b720-dea770474dce-22925033772864","trial_id":2,"step":26,"intermediate_value":0.9632019229206751}
{"op_code":7,"worker_id":"396ad16b-abeb-4a80-b720-dea770474dce-22925033772864","trial_id":2,"step":27,"intermediate_value":0.9549550731269774}
{"op_code":7,"worker_id":"396ad16b-abeb-4a80-b720-dea770474dce-22925033772864","trial_id":2,"step":28,"intermediate_value":0.9585053614591506}
{"op_code":7,"worker_id":"396ad16b-abeb-4a80-b720-dea770474dce-22925033772864","trial_id":2,"step":29,"intermediate_value":0.9447090430333238}
{"op_code":7,"worker_id":"396ad16b-abeb-4a80-b720-dea770474dce-22925033772864","trial_id":2,"step":30,"intermediate_value":0.9439926553592705}
{"op_code":7,"worker_id":"396ad16b-abeb-4a80-b720-dea770474dce-22925033772864","trial_id":2,"step":31,"intermediate_value":0.9399215548629579}
{"op_code":7,"worker_id":"396ad16b-abeb-4a80-b720-dea770474dce-22925033772864","trial_id":2,"step":32,"intermediate_value":0.9346771661355685}
{"op_code":7,"worker_id":"396ad16b-abeb-4a80-b720-dea770474dce-22925033772864","trial_id":2,"step":33,"intermediate_value":0.932125442138346}
{"op_code":7,"worker_id":"396ad16b-abeb-4a80-b720-dea770474dce-22925033772864","trial_id":2,"step":34,"intermediate_value":0.9331003016000117}
{"op_code":7,"worker_id":"396ad16b-abeb-4a80-b720-dea770474dce-22925033772864","trial_id":2,"step":35,"intermediate_value":0.9264604203783038}
{"op_code":7,"worker_id":"396ad16b-abeb-4a80-b720-dea770474dce-22925033772864","trial_id":2,"step":36,"intermediate_value":0.9211002658129022}
{"op_code":7,"worker_id":"396ad16b-abeb-4a80-b720-dea770474dce-22925033772864","trial_id":2,"step":37,"intermediate_value":0.9100315264394133}
{"op_code":7,"worker_id":"396ad16b-abeb-4a80-b720-dea770474dce-22925033772864","trial_id":2,"step":38,"intermediate_value":0.9082391052483664}
{"op_code":7,"worker_id":"396ad16b-abeb-4a80-b720-dea770474dce-22925033772864","trial_id":2,"step":39,"intermediate_value":0.9051402549726683}
{"op_code":7,"worker_id":"396ad16b-abeb-4a80-b720-dea770474dce-22925033772864","trial_id":2,"step":40,"intermediate_value":0.9020124855132007}
{"op_code":7,"worker_id":"396ad16b-abeb-4a80-b720-dea770474dce-22925033772864","trial_id":2,"step":41,"intermediate_value":0.9017568257921248}
{"op_code":7,"worker_id":"396ad16b-abeb-4a80-b720-dea770474dce-22925033772864","trial_id":2,"step":42,"intermediate_value":0.9067884419453667}
{"op_code":7,"worker_id":"396ad16b-abeb-4a80-b720-dea770474dce-22925033772864","trial_id":2,"step":43,"intermediate_value":0.8960282674039386}
{"op_code":7,"worker_id":"396ad16b-abeb-4a80-b720-dea770474dce-22925033772864","trial_id":2,"step":44,"intermediate_value":0.8937349863182467}
{"op_code":7,"worker_id":"396ad16b-abeb-4a80-b720-dea770474dce-22925033772864","trial_id":2,"step":45,"intermediate_value":0.9008453285991085}
{"op_code":7,"worker_id":"396ad16b-abeb-4a80-b720-dea770474dce-22925033772864","trial_id":2,"step":46,"intermediate_value":0.9184762659163379}
{"op_code":7,"worker_id":"396ad16b-abeb-4a80-b720-dea770474dce-22925033772864","trial_id":2,"step":47,"intermediate_value":0.9168567281176612}
{"op_code":7,"worker_id":"396ad16b-abeb-4a80-b720-dea770474dce-22925033772864","trial_id":2,"step":48,"intermediate_value":0.9154043173309181}
{"op_code":7,"worker_id":"396ad16b-abeb-4a80-b720-dea770474dce-22925033772864","trial_id":2,"step":49,"intermediate_value":0.9158759512935245}
{"op_code":7,"worker_id":"396ad16b-abeb-4a80-b720-dea770474dce-22925033772864","trial_id":2,"step":50,"intermediate_value":0.9156941417697486}
{"op_code":7,"worker_id":"396ad16b-abeb-4a80-b720-dea770474dce-22925033772864","trial_id":2,"step":51,"intermediate_value":0.9152790214950363}
{"op_code":7,"worker_id":"396ad16b-abeb-4a80-b720-dea770474dce-22925033772864","trial_id":2,"step":52,"intermediate_value":0.9154568048558626}
{"op_code":7,"worker_id":"396ad16b-abeb-4a80-b720-dea770474dce-22925033772864","trial_id":2,"step":53,"intermediate_value":0.9153593731520439}
{"op_code":7,"worker_id":"396ad16b-abeb-4a80-b720-dea770474dce-22925033772864","trial_id":2,"step":54,"intermediate_value":0.9153072710563279}
{"op_code":7,"worker_id":"396ad16b-abeb-4a80-b720-dea770474dce-22925033772864","trial_id":2,"step":55,"intermediate_value":0.9153315946866326}
{"op_code":7,"worker_id":"396ad16b-abeb-4a80-b720-dea770474dce-22925033772864","trial_id":2,"step":56,"intermediate_value":0.9153252959675636}
{"op_code":7,"worker_id":"396ad16b-abeb-4a80-b720-dea770474dce-22925033772864","trial_id":2,"step":57,"intermediate_value":0.9153014726910302}
{"op_code":7,"worker_id":"396ad16b-abeb-4a80-b720-dea770474dce-22925033772864","trial_id":2,"step":58,"intermediate_value":0.9153311849064675}
{"op_code":7,"worker_id":"396ad16b-abeb-4a80-b720-dea770474dce-22925033772864","trial_id":2,"step":59,"intermediate_value":0.9152862183846896}
{"op_code":7,"worker_id":"396ad16b-abeb-4a80-b720-dea770474dce-22925033772864","trial_id":2,"step":60,"intermediate_value":0.9154456811301932}
{"op_code":7,"worker_id":"396ad16b-abeb-4a80-b720-dea770474dce-22925033772864","trial_id":2,"step":61,"intermediate_value":0.9153630804478203}
{"op_code":7,"worker_id":"396ad16b-abeb-4a80-b720-dea770474dce-22925033772864","trial_id":2,"step":62,"intermediate_value":0.9153160840308256}
{"op_code":7,"worker_id":"396ad16b-abeb-4a80-b720-dea770474dce-22925033772864","trial_id":2,"step":63,"intermediate_value":0.9153320752428944}
{"op_code":7,"worker_id":"396ad16b-abeb-4a80-b720-dea770474dce-22925033772864","trial_id":2,"step":64,"intermediate_value":0.9153296595932043}
{"op_code":7,"worker_id":"396ad16b-abeb-4a80-b720-dea770474dce-22925033772864","trial_id":2,"step":65,"intermediate_value":0.9153462931213289}
{"op_code":7,"worker_id":"396ad16b-abeb-4a80-b720-dea770474dce-22925033772864","trial_id":2,"step":66,"intermediate_value":0.9153275968199805}
{"op_code":7,"worker_id":"396ad16b-abeb-4a80-b720-dea770474dce-22925033772864","trial_id":2,"step":67,"intermediate_value":0.9153836381392971}
{"op_code":7,"worker_id":"396ad16b-abeb-4a80-b720-dea770474dce-22925033772864","trial_id":2,"step":68,"intermediate_value":0.9153714900904845}
{"op_code":7,"worker_id":"396ad16b-abeb-4a80-b720-dea770474dce-22925033772864","trial_id":2,"step":69,"intermediate_value":0.9153283784397981}
{"op_code":7,"worker_id":"396ad16b-abeb-4a80-b720-dea770474dce-22925033772864","trial_id":2,"step":70,"intermediate_value":0.9153472359918615}
{"op_code":7,"worker_id":"396ad16b-abeb-4a80-b720-dea770474dce-22925033772864","trial_id":2,"step":71,"intermediate_value":0.9153460144996644}
{"op_code":7,"worker_id":"396ad16b-abeb-4a80-b720-dea770474dce-22925033772864","trial_id":2,"step":72,"intermediate_value":0.9153328043286062}
{"op_code":7,"worker_id":"396ad16b-abeb-4a80-b720-dea770474dce-22925033772864","trial_id":2,"step":73,"intermediate_value":0.915351412516896}
{"op_code":7,"worker_id":"396ad16b-abeb-4a80-b720-dea770474dce-22925033772864","trial_id":2,"step":74,"intermediate_value":0.9153313872652971}
{"op_code":7,"worker_id":"396ad16b-abeb-4a80-b720-dea770474dce-22925033772864","trial_id":2,"step":75,"intermediate_value":0.9153317589069742}
{"op_code":7,"worker_id":"396ad16b-abeb-4a80-b720-dea770474dce-22925033772864","trial_id":2,"step":76,"intermediate_value":0.9081169204779791}
{"op_code":7,"worker_id":"396ad16b-abeb-4a80-b720-dea770474dce-22925033772864","trial_id":2,"step":77,"intermediate_value":NaN}
{"op_code":7,"worker_id":"396ad16b-abeb-4a80-b720-dea770474dce-22925033772864","trial_id":2,"step":78,"intermediate_value":NaN}
{"op_code":7,"worker_id":"396ad16b-abeb-4a80-b720-dea770474dce-22925033772864","trial_id":2,"step":79,"intermediate_value":NaN}
{"op_code":7,"worker_id":"396ad16b-abeb-4a80-b720-dea770474dce-22925033772864","trial_id":2,"step":80,"intermediate_value":NaN}
{"op_code":7,"worker_id":"396ad16b-abeb-4a80-b720-dea770474dce-22925033772864","trial_id":2,"step":81,"intermediate_value":NaN}
{"op_code":7,"worker_id":"396ad16b-abeb-4a80-b720-dea770474dce-22925033772864","trial_id":2,"step":82,"intermediate_value":NaN}
{"op_code":7,"worker_id":"396ad16b-abeb-4a80-b720-dea770474dce-22925033772864","trial_id":2,"step":83,"intermediate_value":NaN}
{"op_code":7,"worker_id":"396ad16b-abeb-4a80-b720-dea770474dce-22925033772864","trial_id":2,"step":84,"intermediate_value":NaN}
{"op_code":7,"worker_id":"396ad16b-abeb-4a80-b720-dea770474dce-22925033772864","trial_id":2,"step":85,"intermediate_value":NaN}
{"op_code":7,"worker_id":"396ad16b-abeb-4a80-b720-dea770474dce-22925033772864","trial_id":2,"step":86,"intermediate_value":NaN}
{"op_code":7,"worker_id":"396ad16b-abeb-4a80-b720-dea770474dce-22925033772864","trial_id":2,"step":87,"intermediate_value":NaN}
{"op_code":7,"worker_id":"396ad16b-abeb-4a80-b720-dea770474dce-22925033772864","trial_id":2,"step":88,"intermediate_value":NaN}
{"op_code":7,"worker_id":"396ad16b-abeb-4a80-b720-dea770474dce-22925033772864","trial_id":2,"step":89,"intermediate_value":NaN}
{"op_code":7,"worker_id":"396ad16b-abeb-4a80-b720-dea770474dce-22925033772864","trial_id":2,"step":90,"intermediate_value":NaN}
{"op_code":7,"worker_id":"396ad16b-abeb-4a80-b720-dea770474dce-22925033772864","trial_id":2,"step":91,"intermediate_value":NaN}
{"op_code":7,"worker_id":"396ad16b-abeb-4a80-b720-dea770474dce-22925033772864","trial_id":2,"step":92,"intermediate_value":NaN}
{"op_code":7,"worker_id":"396ad16b-abeb-4a80-b720-dea770474dce-22925033772864","trial_id":2,"step":93,"intermediate_value":NaN}
{"op_code":7,"worker_id":"396ad16b-abeb-4a80-b720-dea770474dce-22925033772864","trial_id":2,"step":94,"intermediate_value":NaN}
{"op_code":7,"worker_id":"396ad16b-abeb-4a80-b720-dea770474dce-22925033772864","trial_id":2,"step":95,"intermediate_value":NaN}
{"op_code":7,"worker_id":"396ad16b-abeb-4a80-b720-dea770474dce-22925033772864","trial_id":2,"step":96,"intermediate_value":NaN}
{"op_code":7,"worker_id":"396ad16b-abeb-4a80-b720-dea770474dce-22925033772864","trial_id":2,"step":97,"intermediate_value":NaN}
{"op_code":7,"worker_id":"396ad16b-abeb-4a80-b720-dea770474dce-22925033772864","trial_id":2,"step":98,"intermediate_value":NaN}
{"op_code":7,"worker_id":"396ad16b-abeb-4a80-b720-dea770474dce-22925033772864","trial_id":2,"step":99,"intermediate_value":NaN}
{"op_code":7,"worker_id":"396ad16b-abeb-4a80-b720-dea770474dce-22925033772864","trial_id":2,"step":100,"intermediate_value":NaN}
{"op_code":7,"worker_id":"396ad16b-abeb-4a80-b720-dea770474dce-22925033772864","trial_id":2,"step":101,"intermediate_value":NaN}
{"op_code":7,"worker_id":"396ad16b-abeb-4a80-b720-dea770474dce-22925033772864","trial_id":2,"step":102,"intermediate_value":NaN}
{"op_code":7,"worker_id":"396ad16b-abeb-4a80-b720-dea770474dce-22925033772864","trial_id":2,"step":103,"intermediate_value":NaN}
{"op_code":7,"worker_id":"396ad16b-abeb-4a80-b720-dea770474dce-22925033772864","trial_id":2,"step":104,"intermediate_value":NaN}
{"op_code":7,"worker_id":"396ad16b-abeb-4a80-b720-dea770474dce-22925033772864","trial_id":2,"step":105,"intermediate_value":NaN}
{"op_code":7,"worker_id":"396ad16b-abeb-4a80-b720-dea770474dce-22925033772864","trial_id":2,"step":106,"intermediate_value":NaN}
{"op_code":7,"worker_id":"396ad16b-abeb-4a80-b720-dea770474dce-22925033772864","trial_id":2,"step":107,"intermediate_value":NaN}
{"op_code":7,"worker_id":"396ad16b-abeb-4a80-b720-dea770474dce-22925033772864","trial_id":2,"step":108,"intermediate_value":NaN}
{"op_code":7,"worker_id":"396ad16b-abeb-4a80-b720-dea770474dce-22925033772864","trial_id":2,"step":109,"intermediate_value":NaN}
{"op_code":7,"worker_id":"396ad16b-abeb-4a80-b720-dea770474dce-22925033772864","trial_id":2,"step":110,"intermediate_value":NaN}
{"op_code":7,"worker_id":"396ad16b-abeb-4a80-b720-dea770474dce-22925033772864","trial_id":2,"step":111,"intermediate_value":NaN}
{"op_code":7,"worker_id":"396ad16b-abeb-4a80-b720-dea770474dce-22925033772864","trial_id":2,"step":112,"intermediate_value":NaN}
{"op_code":7,"worker_id":"396ad16b-abeb-4a80-b720-dea770474dce-22925033772864","trial_id":2,"step":113,"intermediate_value":NaN}
{"op_code":7,"worker_id":"396ad16b-abeb-4a80-b720-dea770474dce-22925033772864","trial_id":2,"step":114,"intermediate_value":NaN}
{"op_code":7,"worker_id":"396ad16b-abeb-4a80-b720-dea770474dce-22925033772864","trial_id":2,"step":115,"intermediate_value":NaN}
{"op_code":7,"worker_id":"396ad16b-abeb-4a80-b720-dea770474dce-22925033772864","trial_id":2,"step":116,"intermediate_value":NaN}
{"op_code":7,"worker_id":"396ad16b-abeb-4a80-b720-dea770474dce-22925033772864","trial_id":2,"step":117,"intermediate_value":NaN}
{"op_code":7,"worker_id":"396ad16b-abeb-4a80-b720-dea770474dce-22925033772864","trial_id":2,"step":118,"intermediate_value":NaN}
{"op_code":7,"worker_id":"396ad16b-abeb-4a80-b720-dea770474dce-22925033772864","trial_id":2,"step":119,"intermediate_value":NaN}
{"op_code":7,"worker_id":"396ad16b-abeb-4a80-b720-dea770474dce-22925033772864","trial_id":2,"step":120,"intermediate_value":NaN}
{"op_code":7,"worker_id":"396ad16b-abeb-4a80-b720-dea770474dce-22925033772864","trial_id":2,"step":121,"intermediate_value":NaN}
{"op_code":7,"worker_id":"396ad16b-abeb-4a80-b720-dea770474dce-22925033772864","trial_id":2,"step":122,"intermediate_value":NaN}
{"op_code":7,"worker_id":"396ad16b-abeb-4a80-b720-dea770474dce-22925033772864","trial_id":2,"step":123,"intermediate_value":NaN}
{"op_code":7,"worker_id":"396ad16b-abeb-4a80-b720-dea770474dce-22925033772864","trial_id":2,"step":124,"intermediate_value":NaN}
{"op_code":7,"worker_id":"396ad16b-abeb-4a80-b720-dea770474dce-22925033772864","trial_id":2,"step":125,"intermediate_value":NaN}
{"op_code":7,"worker_id":"396ad16b-abeb-4a80-b720-dea770474dce-22925033772864","trial_id":2,"step":126,"intermediate_value":NaN}
{"op_code":7,"worker_id":"396ad16b-abeb-4a80-b720-dea770474dce-22925033772864","trial_id":2,"step":127,"intermediate_value":NaN}
{"op_code":7,"worker_id":"396ad16b-abeb-4a80-b720-dea770474dce-22925033772864","trial_id":2,"step":128,"intermediate_value":NaN}
{"op_code":7,"worker_id":"396ad16b-abeb-4a80-b720-dea770474dce-22925033772864","trial_id":2,"step":129,"intermediate_value":NaN}
{"op_code":7,"worker_id":"396ad16b-abeb-4a80-b720-dea770474dce-22925033772864","trial_id":2,"step":130,"intermediate_value":NaN}
{"op_code":7,"worker_id":"396ad16b-abeb-4a80-b720-dea770474dce-22925033772864","trial_id":2,"step":131,"intermediate_value":NaN}
{"op_code":7,"worker_id":"396ad16b-abeb-4a80-b720-dea770474dce-22925033772864","trial_id":2,"step":132,"intermediate_value":NaN}
{"op_code":7,"worker_id":"396ad16b-abeb-4a80-b720-dea770474dce-22925033772864","trial_id":2,"step":133,"intermediate_value":NaN}
{"op_code":7,"worker_id":"396ad16b-abeb-4a80-b720-dea770474dce-22925033772864","trial_id":2,"step":134,"intermediate_value":NaN}
{"op_code":7,"worker_id":"396ad16b-abeb-4a80-b720-dea770474dce-22925033772864","trial_id":2,"step":135,"intermediate_value":NaN}
{"op_code":7,"worker_id":"396ad16b-abeb-4a80-b720-dea770474dce-22925033772864","trial_id":2,"step":136,"intermediate_value":NaN}
{"op_code":7,"worker_id":"396ad16b-abeb-4a80-b720-dea770474dce-22925033772864","trial_id":2,"step":137,"intermediate_value":NaN}
{"op_code":7,"worker_id":"396ad16b-abeb-4a80-b720-dea770474dce-22925033772864","trial_id":2,"step":138,"intermediate_value":NaN}
{"op_code":7,"worker_id":"396ad16b-abeb-4a80-b720-dea770474dce-22925033772864","trial_id":2,"step":139,"intermediate_value":NaN}
{"op_code":7,"worker_id":"396ad16b-abeb-4a80-b720-dea770474dce-22925033772864","trial_id":2,"step":140,"intermediate_value":NaN}
{"op_code":7,"worker_id":"396ad16b-abeb-4a80-b720-dea770474dce-22925033772864","trial_id":2,"step":141,"intermediate_value":NaN}
{"op_code":7,"worker_id":"396ad16b-abeb-4a80-b720-dea770474dce-22925033772864","trial_id":2,"step":142,"intermediate_value":NaN}
{"op_code":7,"worker_id":"396ad16b-abeb-4a80-b720-dea770474dce-22925033772864","trial_id":2,"step":143,"intermediate_value":NaN}
{"op_code":7,"worker_id":"396ad16b-abeb-4a80-b720-dea770474dce-22925033772864","trial_id":2,"step":144,"intermediate_value":NaN}
{"op_code":7,"worker_id":"396ad16b-abeb-4a80-b720-dea770474dce-22925033772864","trial_id":2,"step":145,"intermediate_value":NaN}
{"op_code":7,"worker_id":"396ad16b-abeb-4a80-b720-dea770474dce-22925033772864","trial_id":2,"step":146,"intermediate_value":NaN}
{"op_code":7,"worker_id":"396ad16b-abeb-4a80-b720-dea770474dce-22925033772864","trial_id":2,"step":147,"intermediate_value":NaN}
{"op_code":7,"worker_id":"396ad16b-abeb-4a80-b720-dea770474dce-22925033772864","trial_id":2,"step":148,"intermediate_value":NaN}
{"op_code":7,"worker_id":"396ad16b-abeb-4a80-b720-dea770474dce-22925033772864","trial_id":2,"step":149,"intermediate_value":NaN}
{"op_code":7,"worker_id":"396ad16b-abeb-4a80-b720-dea770474dce-22925033772864","trial_id":2,"step":150,"intermediate_value":NaN}
{"op_code":7,"worker_id":"396ad16b-abeb-4a80-b720-dea770474dce-22925033772864","trial_id":2,"step":151,"intermediate_value":NaN}
{"op_code":7,"worker_id":"396ad16b-abeb-4a80-b720-dea770474dce-22925033772864","trial_id":2,"step":152,"intermediate_value":NaN}
{"op_code":7,"worker_id":"396ad16b-abeb-4a80-b720-dea770474dce-22925033772864","trial_id":2,"step":153,"intermediate_value":NaN}
{"op_code":7,"worker_id":"396ad16b-abeb-4a80-b720-dea770474dce-22925033772864","trial_id":2,"step":154,"intermediate_value":NaN}
{"op_code":7,"worker_id":"396ad16b-abeb-4a80-b720-dea770474dce-22925033772864","trial_id":2,"step":155,"intermediate_value":NaN}
{"op_code":7,"worker_id":"396ad16b-abeb-4a80-b720-dea770474dce-22925033772864","trial_id":2,"step":156,"intermediate_value":NaN}
{"op_code":7,"worker_id":"396ad16b-abeb-4a80-b720-dea770474dce-22925033772864","trial_id":2,"step":157,"intermediate_value":NaN}
{"op_code":7,"worker_id":"396ad16b-abeb-4a80-b720-dea770474dce-22925033772864","trial_id":2,"step":158,"intermediate_value":NaN}
{"op_code":7,"worker_id":"396ad16b-abeb-4a80-b720-dea770474dce-22925033772864","trial_id":2,"step":159,"intermediate_value":NaN}
{"op_code":7,"worker_id":"396ad16b-abeb-4a80-b720-dea770474dce-22925033772864","trial_id":2,"step":160,"intermediate_value":NaN}
{"op_code":7,"worker_id":"396ad16b-abeb-4a80-b720-dea770474dce-22925033772864","trial_id":2,"step":161,"intermediate_value":NaN}
{"op_code":7,"worker_id":"396ad16b-abeb-4a80-b720-dea770474dce-22925033772864","trial_id":2,"step":162,"intermediate_value":NaN}
{"op_code":7,"worker_id":"396ad16b-abeb-4a80-b720-dea770474dce-22925033772864","trial_id":2,"step":163,"intermediate_value":NaN}
{"op_code":7,"worker_id":"396ad16b-abeb-4a80-b720-dea770474dce-22925033772864","trial_id":2,"step":164,"intermediate_value":NaN}
{"op_code":7,"worker_id":"396ad16b-abeb-4a80-b720-dea770474dce-22925033772864","trial_id":2,"step":165,"intermediate_value":NaN}
{"op_code":7,"worker_id":"396ad16b-abeb-4a80-b720-dea770474dce-22925033772864","trial_id":2,"step":166,"intermediate_value":NaN}
{"op_code":7,"worker_id":"396ad16b-abeb-4a80-b720-dea770474dce-22925033772864","trial_id":2,"step":167,"intermediate_value":NaN}
{"op_code":7,"worker_id":"396ad16b-abeb-4a80-b720-dea770474dce-22925033772864","trial_id":2,"step":168,"intermediate_value":NaN}
{"op_code":7,"worker_id":"396ad16b-abeb-4a80-b720-dea770474dce-22925033772864","trial_id":2,"step":169,"intermediate_value":NaN}
{"op_code":7,"worker_id":"396ad16b-abeb-4a80-b720-dea770474dce-22925033772864","trial_id":2,"step":170,"intermediate_value":NaN}
{"op_code":7,"worker_id":"396ad16b-abeb-4a80-b720-dea770474dce-22925033772864","trial_id":2,"step":171,"intermediate_value":NaN}
{"op_code":7,"worker_id":"396ad16b-abeb-4a80-b720-dea770474dce-22925033772864","trial_id":2,"step":172,"intermediate_value":NaN}
{"op_code":7,"worker_id":"396ad16b-abeb-4a80-b720-dea770474dce-22925033772864","trial_id":2,"step":173,"intermediate_value":NaN}
{"op_code":7,"worker_id":"396ad16b-abeb-4a80-b720-dea770474dce-22925033772864","trial_id":2,"step":174,"intermediate_value":NaN}
{"op_code":7,"worker_id":"396ad16b-abeb-4a80-b720-dea770474dce-22925033772864","trial_id":2,"step":175,"intermediate_value":NaN}
{"op_code":7,"worker_id":"396ad16b-abeb-4a80-b720-dea770474dce-22925033772864","trial_id":2,"step":176,"intermediate_value":NaN}
{"op_code":7,"worker_id":"396ad16b-abeb-4a80-b720-dea770474dce-22925033772864","trial_id":2,"step":177,"intermediate_value":NaN}
{"op_code":7,"worker_id":"396ad16b-abeb-4a80-b720-dea770474dce-22925033772864","trial_id":2,"step":178,"intermediate_value":NaN}
{"op_code":7,"worker_id":"396ad16b-abeb-4a80-b720-dea770474dce-22925033772864","trial_id":2,"step":179,"intermediate_value":NaN}
{"op_code":7,"worker_id":"396ad16b-abeb-4a80-b720-dea770474dce-22925033772864","trial_id":2,"step":180,"intermediate_value":NaN}
{"op_code":7,"worker_id":"396ad16b-abeb-4a80-b720-dea770474dce-22925033772864","trial_id":2,"step":181,"intermediate_value":NaN}
{"op_code":7,"worker_id":"396ad16b-abeb-4a80-b720-dea770474dce-22925033772864","trial_id":2,"step":182,"intermediate_value":NaN}
{"op_code":7,"worker_id":"396ad16b-abeb-4a80-b720-dea770474dce-22925033772864","trial_id":2,"step":183,"intermediate_value":NaN}
{"op_code":7,"worker_id":"396ad16b-abeb-4a80-b720-dea770474dce-22925033772864","trial_id":2,"step":184,"intermediate_value":NaN}
{"op_code":7,"worker_id":"396ad16b-abeb-4a80-b720-dea770474dce-22925033772864","trial_id":2,"step":185,"intermediate_value":NaN}
{"op_code":7,"worker_id":"396ad16b-abeb-4a80-b720-dea770474dce-22925033772864","trial_id":2,"step":186,"intermediate_value":NaN}
{"op_code":7,"worker_id":"396ad16b-abeb-4a80-b720-dea770474dce-22925033772864","trial_id":2,"step":187,"intermediate_value":NaN}
{"op_code":7,"worker_id":"396ad16b-abeb-4a80-b720-dea770474dce-22925033772864","trial_id":2,"step":188,"intermediate_value":NaN}
{"op_code":7,"worker_id":"396ad16b-abeb-4a80-b720-dea770474dce-22925033772864","trial_id":2,"step":189,"intermediate_value":NaN}
{"op_code":7,"worker_id":"396ad16b-abeb-4a80-b720-dea770474dce-22925033772864","trial_id":2,"step":190,"intermediate_value":NaN}
{"op_code":7,"worker_id":"396ad16b-abeb-4a80-b720-dea770474dce-22925033772864","trial_id":2,"step":191,"intermediate_value":NaN}
{"op_code":7,"worker_id":"396ad16b-abeb-4a80-b720-dea770474dce-22925033772864","trial_id":2,"step":192,"intermediate_value":NaN}
{"op_code":7,"worker_id":"396ad16b-abeb-4a80-b720-dea770474dce-22925033772864","trial_id":2,"step":193,"intermediate_value":NaN}
{"op_code":7,"worker_id":"396ad16b-abeb-4a80-b720-dea770474dce-22925033772864","trial_id":2,"step":194,"intermediate_value":NaN}
{"op_code":7,"worker_id":"396ad16b-abeb-4a80-b720-dea770474dce-22925033772864","trial_id":2,"step":195,"intermediate_value":NaN}
{"op_code":7,"worker_id":"396ad16b-abeb-4a80-b720-dea770474dce-22925033772864","trial_id":2,"step":196,"intermediate_value":NaN}
{"op_code":7,"worker_id":"396ad16b-abeb-4a80-b720-dea770474dce-22925033772864","trial_id":2,"step":197,"intermediate_value":NaN}
{"op_code":7,"worker_id":"396ad16b-abeb-4a80-b720-dea770474dce-22925033772864","trial_id":2,"step":198,"intermediate_value":NaN}
{"op_code":7,"worker_id":"396ad16b-abeb-4a80-b720-dea770474dce-22925033772864","trial_id":2,"step":199,"intermediate_value":NaN}
{"op_code":6,"worker_id":"396ad16b-abeb-4a80-b720-dea770474dce-22925033772864","trial_id":2,"state":1,"values":[0.46587676901551467],"datetime_complete":"2025-12-23T01:17:13.169593"}
{"op_code":4,"worker_id":"396ad16b-abeb-4a80-b720-dea770474dce-22925033772864","study_id":0,"datetime_start":"2025-12-23T01:17:13.170383"}
{"op_code":5,"worker_id":"396ad16b-abeb-4a80-b720-dea770474dce-22925033772864","trial_id":3,"param_name":"n_layers","param_value_internal":14.0,"distribution":"{\"name\": \"IntDistribution\", \"attributes\": {\"log\": false, \"step\": 1, \"low\": 2, \"high\": 64}}"}
{"op_code":5,"worker_id":"396ad16b-abeb-4a80-b720-dea770474dce-22925033772864","trial_id":3,"param_name":"n_heads","param_value_internal":4,"distribution":"{\"name\": \"CategoricalDistribution\", \"attributes\": {\"choices\": [2, 4, 8, 16, 32]}}"}
{"op_code":5,"worker_id":"396ad16b-abeb-4a80-b720-dea770474dce-22925033772864","trial_id":3,"param_name":"head_dim","param_value_internal":4,"distribution":"{\"name\": \"CategoricalDistribution\", \"attributes\": {\"choices\": [4, 8, 16, 32, 64]}}"}
{"op_code":8,"worker_id":"396ad16b-abeb-4a80-b720-dea770474dce-22925033772864","trial_id":3,"user_attr":{"d_model":2048}}
{"op_code":5,"worker_id":"396ad16b-abeb-4a80-b720-dea770474dce-22925033772864","trial_id":3,"param_name":"lr","param_value_internal":1.987021538542864e-06,"distribution":"{\"name\": \"FloatDistribution\", \"attributes\": {\"step\": null, \"low\": 1e-06, \"high\": 0.01, \"log\": true}}"}
{"op_code":5,"worker_id":"396ad16b-abeb-4a80-b720-dea770474dce-22925033772864","trial_id":3,"param_name":"min_lr_ratio","param_value_internal":0.09133995846860977,"distribution":"{\"name\": \"FloatDistribution\", \"attributes\": {\"step\": null, \"low\": 0.0001, \"high\": 0.1, \"log\": true}}"}
{"op_code":5,"worker_id":"396ad16b-abeb-4a80-b720-dea770474dce-22925033772864","trial_id":3,"param_name":"batch_size","param_value_internal":3,"distribution":"{\"name\": \"CategoricalDistribution\", \"attributes\": {\"choices\": [64, 128, 256, 512, 1024]}}"}
{"op_code":5,"worker_id":"396ad16b-abeb-4a80-b720-dea770474dce-22925033772864","trial_id":3,"param_name":"weight_decay","param_value_internal":0.21870215041229618,"distribution":"{\"name\": \"FloatDistribution\", \"attributes\": {\"step\": null, \"low\": 0.0, \"high\": 0.3, \"log\": false}}"}
{"op_code":8,"worker_id":"396ad16b-abeb-4a80-b720-dea770474dce-22925033772864","trial_id":3,"user_attr":{"min_lr":1.814944648067383e-07}}
{"op_code":7,"worker_id":"396ad16b-abeb-4a80-b720-dea770474dce-22925033772864","trial_id":3,"step":0,"intermediate_value":0.9283876394886139}
{"op_code":7,"worker_id":"396ad16b-abeb-4a80-b720-dea770474dce-22925033772864","trial_id":3,"step":1,"intermediate_value":0.8871104262618973}
{"op_code":7,"worker_id":"396ad16b-abeb-4a80-b720-dea770474dce-22925033772864","trial_id":3,"step":2,"intermediate_value":0.8621429791654132}
{"op_code":7,"worker_id":"396ad16b-abeb-4a80-b720-dea770474dce-22925033772864","trial_id":3,"step":3,"intermediate_value":0.8183152091884952}
{"op_code":7,"worker_id":"396ad16b-abeb-4a80-b720-dea770474dce-22925033772864","trial_id":3,"step":4,"intermediate_value":0.7469361211057235}
{"op_code":7,"worker_id":"396ad16b-abeb-4a80-b720-dea770474dce-22925033772864","trial_id":3,"step":5,"intermediate_value":0.6870178106416587}
{"op_code":7,"worker_id":"396ad16b-abeb-4a80-b720-dea770474dce-22925033772864","trial_id":3,"step":6,"intermediate_value":0.6377961159459495}
{"op_code":7,"worker_id":"396ad16b-abeb-4a80-b720-dea770474dce-22925033772864","trial_id":3,"step":7,"intermediate_value":0.6265227476472957}
{"op_code":7,"worker_id":"396ad16b-abeb-4a80-b720-dea770474dce-22925033772864","trial_id":3,"step":8,"intermediate_value":0.6463779867897396}
{"op_code":7,"worker_id":"396ad16b-abeb-4a80-b720-dea770474dce-22925033772864","trial_id":3,"step":9,"intermediate_value":0.6242517644400274}
{"op_code":7,"worker_id":"396ad16b-abeb-4a80-b720-dea770474dce-22925033772864","trial_id":3,"step":10,"intermediate_value":0.6351345235342657}
{"op_code":7,"worker_id":"396ad16b-abeb-4a80-b720-dea770474dce-22925033772864","trial_id":3,"step":11,"intermediate_value":0.6366114105335475}
{"op_code":7,"worker_id":"396ad16b-abeb-4a80-b720-dea770474dce-22925033772864","trial_id":3,"step":12,"intermediate_value":0.6508886366552306}
{"op_code":7,"worker_id":"396ad16b-abeb-4a80-b720-dea770474dce-22925033772864","trial_id":3,"step":13,"intermediate_value":0.6950294545253967}
{"op_code":7,"worker_id":"396ad16b-abeb-4a80-b720-dea770474dce-22925033772864","trial_id":3,"step":14,"intermediate_value":0.7808601356485985}
{"op_code":7,"worker_id":"396ad16b-abeb-4a80-b720-dea770474dce-22925033772864","trial_id":3,"step":15,"intermediate_value":0.7267369357150928}
{"op_code":7,"worker_id":"396ad16b-abeb-4a80-b720-dea770474dce-22925033772864","trial_id":3,"step":16,"intermediate_value":0.873358542526037}
{"op_code":7,"worker_id":"396ad16b-abeb-4a80-b720-dea770474dce-22925033772864","trial_id":3,"step":17,"intermediate_value":0.8079393470131772}
{"op_code":7,"worker_id":"396ad16b-abeb-4a80-b720-dea770474dce-22925033772864","trial_id":3,"step":18,"intermediate_value":0.8407012731155042}
{"op_code":7,"worker_id":"396ad16b-abeb-4a80-b720-dea770474dce-22925033772864","trial_id":3,"step":19,"intermediate_value":0.8484017469280555}
{"op_code":7,"worker_id":"396ad16b-abeb-4a80-b720-dea770474dce-22925033772864","trial_id":3,"step":20,"intermediate_value":0.8554428539383595}
{"op_code":7,"worker_id":"396ad16b-abeb-4a80-b720-dea770474dce-22925033772864","trial_id":3,"step":21,"intermediate_value":0.8501078706336332}
{"op_code":7,"worker_id":"396ad16b-abeb-4a80-b720-dea770474dce-22925033772864","trial_id":3,"step":22,"intermediate_value":0.8651452721508656}
{"op_code":7,"worker_id":"396ad16b-abeb-4a80-b720-dea770474dce-22925033772864","trial_id":3,"step":23,"intermediate_value":0.8689458704928062}
{"op_code":7,"worker_id":"396ad16b-abeb-4a80-b720-dea770474dce-22925033772864","trial_id":3,"step":24,"intermediate_value":0.8772697256128983}
{"op_code":7,"worker_id":"396ad16b-abeb-4a80-b720-dea770474dce-22925033772864","trial_id":3,"step":25,"intermediate_value":0.8513921015203211}
{"op_code":7,"worker_id":"396ad16b-abeb-4a80-b720-dea770474dce-22925033772864","trial_id":3,"step":26,"intermediate_value":0.8262085406805697}
{"op_code":7,"worker_id":"396ad16b-abeb-4a80-b720-dea770474dce-22925033772864","trial_id":3,"step":27,"intermediate_value":0.8139335923771841}
{"op_code":7,"worker_id":"396ad16b-abeb-4a80-b720-dea770474dce-22925033772864","trial_id":3,"step":28,"intermediate_value":0.8101001390641553}
{"op_code":7,"worker_id":"396ad16b-abeb-4a80-b720-dea770474dce-22925033772864","trial_id":3,"step":29,"intermediate_value":0.8063428004441312}
{"op_code":7,"worker_id":"396ad16b-abeb-4a80-b720-dea770474dce-22925033772864","trial_id":3,"step":30,"intermediate_value":0.8044791317495162}
{"op_code":7,"worker_id":"396ad16b-abeb-4a80-b720-dea770474dce-22925033772864","trial_id":3,"step":31,"intermediate_value":0.8069266587106925}
{"op_code":7,"worker_id":"396ad16b-abeb-4a80-b720-dea770474dce-22925033772864","trial_id":3,"step":32,"intermediate_value":0.8073138594344559}
{"op_code":7,"worker_id":"396ad16b-abeb-4a80-b720-dea770474dce-22925033772864","trial_id":3,"step":33,"intermediate_value":0.8041917207543677}
{"op_code":7,"worker_id":"396ad16b-abeb-4a80-b720-dea770474dce-22925033772864","trial_id":3,"step":34,"intermediate_value":0.8070185698506954}
{"op_code":7,"worker_id":"396ad16b-abeb-4a80-b720-dea770474dce-22925033772864","trial_id":3,"step":35,"intermediate_value":0.8048246571036279}
{"op_code":7,"worker_id":"396ad16b-abeb-4a80-b720-dea770474dce-22925033772864","trial_id":3,"step":36,"intermediate_value":0.8064104369950889}
{"op_code":7,"worker_id":"396ad16b-abeb-4a80-b720-dea770474dce-22925033772864","trial_id":3,"step":37,"intermediate_value":0.8135333179861908}
{"op_code":7,"worker_id":"396ad16b-abeb-4a80-b720-dea770474dce-22925033772864","trial_id":3,"step":38,"intermediate_value":0.8119104668480362}
{"op_code":7,"worker_id":"396ad16b-abeb-4a80-b720-dea770474dce-22925033772864","trial_id":3,"step":39,"intermediate_value":0.8087303249720011}
{"op_code":7,"worker_id":"396ad16b-abeb-4a80-b720-dea770474dce-22925033772864","trial_id":3,"step":40,"intermediate_value":0.8134350271977281}
{"op_code":7,"worker_id":"396ad16b-abeb-4a80-b720-dea770474dce-22925033772864","trial_id":3,"step":41,"intermediate_value":0.8117475224135186}
{"op_code":7,"worker_id":"396ad16b-abeb-4a80-b720-dea770474dce-22925033772864","trial_id":3,"step":42,"intermediate_value":0.8099973884907199}
{"op_code":7,"worker_id":"396ad16b-abeb-4a80-b720-dea770474dce-22925033772864","trial_id":3,"step":43,"intermediate_value":0.8145990120699963}
{"op_code":7,"worker_id":"396ad16b-abeb-4a80-b720-dea770474dce-22925033772864","trial_id":3,"step":44,"intermediate_value":0.8125137780909012}
{"op_code":7,"worker_id":"396ad16b-abeb-4a80-b720-dea770474dce-22925033772864","trial_id":3,"step":45,"intermediate_value":0.8168709314307849}
{"op_code":7,"worker_id":"396ad16b-abeb-4a80-b720-dea770474dce-22925033772864","trial_id":3,"step":46,"intermediate_value":0.8212167855400774}
{"op_code":7,"worker_id":"396ad16b-abeb-4a80-b720-dea770474dce-22925033772864","trial_id":3,"step":47,"intermediate_value":0.8157520095648715}
{"op_code":7,"worker_id":"396ad16b-abeb-4a80-b720-dea770474dce-22925033772864","trial_id":3,"step":48,"intermediate_value":0.8163701855839359}
{"op_code":7,"worker_id":"396ad16b-abeb-4a80-b720-dea770474dce-22925033772864","trial_id":3,"step":49,"intermediate_value":0.8147351702337163}
{"op_code":7,"worker_id":"396ad16b-abeb-4a80-b720-dea770474dce-22925033772864","trial_id":3,"step":50,"intermediate_value":0.820075677481976}
{"op_code":7,"worker_id":"396ad16b-abeb-4a80-b720-dea770474dce-22925033772864","trial_id":3,"step":51,"intermediate_value":0.8198199840344286}
{"op_code":7,"worker_id":"396ad16b-abeb-4a80-b720-dea770474dce-22925033772864","trial_id":3,"step":52,"intermediate_value":0.8195855329328019}
{"op_code":7,"worker_id":"396ad16b-abeb-4a80-b720-dea770474dce-22925033772864","trial_id":3,"step":53,"intermediate_value":0.8212978513356771}
{"op_code":7,"worker_id":"396ad16b-abeb-4a80-b720-dea770474dce-22925033772864","trial_id":3,"step":54,"intermediate_value":0.8218945080558034}
{"op_code":7,"worker_id":"396ad16b-abeb-4a80-b720-dea770474dce-22925033772864","trial_id":3,"step":55,"intermediate_value":0.8222775471309467}
{"op_code":7,"worker_id":"396ad16b-abeb-4a80-b720-dea770474dce-22925033772864","trial_id":3,"step":56,"intermediate_value":0.8251815439684677}
{"op_code":7,"worker_id":"396ad16b-abeb-4a80-b720-dea770474dce-22925033772864","trial_id":3,"step":57,"intermediate_value":0.8263557001789269}
{"op_code":7,"worker_id":"396ad16b-abeb-4a80-b720-dea770474dce-22925033772864","trial_id":3,"step":58,"intermediate_value":0.8252172622533597}
{"op_code":7,"worker_id":"396ad16b-abeb-4a80-b720-dea770474dce-22925033772864","trial_id":3,"step":59,"intermediate_value":0.8303342274499533}
{"op_code":7,"worker_id":"396ad16b-abeb-4a80-b720-dea770474dce-22925033772864","trial_id":3,"step":60,"intermediate_value":0.8286222977146135}
{"op_code":7,"worker_id":"396ad16b-abeb-4a80-b720-dea770474dce-22925033772864","trial_id":3,"step":61,"intermediate_value":0.8277106956089377}
{"op_code":7,"worker_id":"396ad16b-abeb-4a80-b720-dea770474dce-22925033772864","trial_id":3,"step":62,"intermediate_value":0.828302236553613}
{"op_code":7,"worker_id":"396ad16b-abeb-4a80-b720-dea770474dce-22925033772864","trial_id":3,"step":63,"intermediate_value":0.8286349314104762}
{"op_code":7,"worker_id":"396ad16b-abeb-4a80-b720-dea770474dce-22925033772864","trial_id":3,"step":64,"intermediate_value":0.8308480507962644}
{"op_code":7,"worker_id":"396ad16b-abeb-4a80-b720-dea770474dce-22925033772864","trial_id":3,"step":65,"intermediate_value":0.8320852582989214}
{"op_code":7,"worker_id":"396ad16b-abeb-4a80-b720-dea770474dce-22925033772864","trial_id":3,"step":66,"intermediate_value":0.8306261768544696}
{"op_code":7,"worker_id":"396ad16b-abeb-4a80-b720-dea770474dce-22925033772864","trial_id":3,"step":67,"intermediate_value":0.8341343543424866}
{"op_code":7,"worker_id":"396ad16b-abeb-4a80-b720-dea770474dce-22925033772864","trial_id":3,"step":68,"intermediate_value":0.8344999805181194}
{"op_code":7,"worker_id":"396ad16b-abeb-4a80-b720-dea770474dce-22925033772864","trial_id":3,"step":69,"intermediate_value":0.833568813764045}
{"op_code":7,"worker_id":"396ad16b-abeb-4a80-b720-dea770474dce-22925033772864","trial_id":3,"step":70,"intermediate_value":0.8358570565391125}
{"op_code":7,"worker_id":"396ad16b-abeb-4a80-b720-dea770474dce-22925033772864","trial_id":3,"step":71,"intermediate_value":0.8396457925951495}
{"op_code":7,"worker_id":"396ad16b-abeb-4a80-b720-dea770474dce-22925033772864","trial_id":3,"step":72,"intermediate_value":0.8352589111452566}
{"op_code":7,"worker_id":"396ad16b-abeb-4a80-b720-dea770474dce-22925033772864","trial_id":3,"step":73,"intermediate_value":0.8345261805705187}
{"op_code":7,"worker_id":"396ad16b-abeb-4a80-b720-dea770474dce-22925033772864","trial_id":3,"step":74,"intermediate_value":0.8374266225248045}
{"op_code":7,"worker_id":"396ad16b-abeb-4a80-b720-dea770474dce-22925033772864","trial_id":3,"step":75,"intermediate_value":0.83848232115715}
{"op_code":7,"worker_id":"396ad16b-abeb-4a80-b720-dea770474dce-22925033772864","trial_id":3,"step":76,"intermediate_value":0.8441043439284762}
{"op_code":7,"worker_id":"396ad16b-abeb-4a80-b720-dea770474dce-22925033772864","trial_id":3,"step":77,"intermediate_value":0.8424313672638166}
{"op_code":7,"worker_id":"396ad16b-abeb-4a80-b720-dea770474dce-22925033772864","trial_id":3,"step":78,"intermediate_value":0.8430928077279178}
{"op_code":7,"worker_id":"396ad16b-abeb-4a80-b720-dea770474dce-22925033772864","trial_id":3,"step":79,"intermediate_value":0.8465464775955408}
{"op_code":7,"worker_id":"396ad16b-abeb-4a80-b720-dea770474dce-22925033772864","trial_id":3,"step":80,"intermediate_value":0.844160284973407}
{"op_code":9,"worker_id":"396ad16b-abeb-4a80-b720-dea770474dce-22925033772864","trial_id":3,"system_attr":{"completed_rung_0":0.844160284973407}}
{"op_code":7,"worker_id":"396ad16b-abeb-4a80-b720-dea770474dce-22925033772864","trial_id":3,"step":81,"intermediate_value":0.8453720076228376}
{"op_code":7,"worker_id":"396ad16b-abeb-4a80-b720-dea770474dce-22925033772864","trial_id":3,"step":82,"intermediate_value":0.8487757768778048}
{"op_code":7,"worker_id":"396ad16b-abeb-4a80-b720-dea770474dce-22925033772864","trial_id":3,"step":83,"intermediate_value":0.8473464264705654}
{"op_code":7,"worker_id":"396ad16b-abeb-4a80-b720-dea770474dce-22925033772864","trial_id":3,"step":84,"intermediate_value":0.8475856787934988}
{"op_code":7,"worker_id":"396ad16b-abeb-4a80-b720-dea770474dce-22925033772864","trial_id":3,"step":85,"intermediate_value":0.8482483056799232}
{"op_code":7,"worker_id":"396ad16b-abeb-4a80-b720-dea770474dce-22925033772864","trial_id":3,"step":86,"intermediate_value":0.8503948022320884}
{"op_code":7,"worker_id":"396ad16b-abeb-4a80-b720-dea770474dce-22925033772864","trial_id":3,"step":87,"intermediate_value":0.8563594877224942}
{"op_code":7,"worker_id":"396ad16b-abeb-4a80-b720-dea770474dce-22925033772864","trial_id":3,"step":88,"intermediate_value":0.8547952730460523}
{"op_code":7,"worker_id":"396ad16b-abeb-4a80-b720-dea770474dce-22925033772864","trial_id":3,"step":89,"intermediate_value":0.8599041439036034}
{"op_code":7,"worker_id":"396ad16b-abeb-4a80-b720-dea770474dce-22925033772864","trial_id":3,"step":90,"intermediate_value":0.8616335360463686}
{"op_code":7,"worker_id":"396ad16b-abeb-4a80-b720-dea770474dce-22925033772864","trial_id":3,"step":91,"intermediate_value":0.86399107462995}
{"op_code":7,"worker_id":"396ad16b-abeb-4a80-b720-dea770474dce-22925033772864","trial_id":3,"step":92,"intermediate_value":0.8669779249216173}
{"op_code":7,"worker_id":"396ad16b-abeb-4a80-b720-dea770474dce-22925033772864","trial_id":3,"step":93,"intermediate_value":0.8698526829304362}
{"op_code":7,"worker_id":"396ad16b-abeb-4a80-b720-dea770474dce-22925033772864","trial_id":3,"step":94,"intermediate_value":0.8716449493049585}
{"op_code":7,"worker_id":"396ad16b-abeb-4a80-b720-dea770474dce-22925033772864","trial_id":3,"step":95,"intermediate_value":0.8712690959621578}
{"op_code":7,"worker_id":"396ad16b-abeb-4a80-b720-dea770474dce-22925033772864","trial_id":3,"step":96,"intermediate_value":0.8736102482602265}
{"op_code":7,"worker_id":"396ad16b-abeb-4a80-b720-dea770474dce-22925033772864","trial_id":3,"step":97,"intermediate_value":0.8735625064387157}
{"op_code":7,"worker_id":"396ad16b-abeb-4a80-b720-dea770474dce-22925033772864","trial_id":3,"step":98,"intermediate_value":0.8763783690909616}
{"op_code":7,"worker_id":"396ad16b-abeb-4a80-b720-dea770474dce-22925033772864","trial_id":3,"step":99,"intermediate_value":0.8761583262915289}
